Archive member included to satisfy reference by file (symbol)

/opt/homebrew/Cellar/arm-none-eabi-gcc/10.3-2021.07/gcc/bin/../lib/gcc/arm-none-eabi/10.3.1/../../../../arm-none-eabi/lib/thumb/v7-m/nofp/libg.a(lib_a-exit.o)
                              /opt/homebrew/Cellar/arm-none-eabi-gcc/10.3-2021.07/gcc/bin/../lib/gcc/arm-none-eabi/10.3.1/../../../../arm-none-eabi/lib/thumb/v7-m/nofp/crt0.o (exit)
/opt/homebrew/Cellar/arm-none-eabi-gcc/10.3-2021.07/gcc/bin/../lib/gcc/arm-none-eabi/10.3.1/../../../../arm-none-eabi/lib/thumb/v7-m/nofp/libg.a(lib_a-impure.o)
                              /opt/homebrew/Cellar/arm-none-eabi-gcc/10.3-2021.07/gcc/bin/../lib/gcc/arm-none-eabi/10.3.1/../../../../arm-none-eabi/lib/thumb/v7-m/nofp/libg.a(lib_a-exit.o) (_global_impure_ptr)
/opt/homebrew/Cellar/arm-none-eabi-gcc/10.3-2021.07/gcc/bin/../lib/gcc/arm-none-eabi/10.3.1/../../../../arm-none-eabi/lib/thumb/v7-m/nofp/libg.a(lib_a-init.o)
                              /opt/homebrew/Cellar/arm-none-eabi-gcc/10.3-2021.07/gcc/bin/../lib/gcc/arm-none-eabi/10.3.1/../../../../arm-none-eabi/lib/thumb/v7-m/nofp/crt0.o (__libc_init_array)
/opt/homebrew/Cellar/arm-none-eabi-gcc/10.3-2021.07/gcc/bin/../lib/gcc/arm-none-eabi/10.3.1/../../../../arm-none-eabi/lib/thumb/v7-m/nofp/libg.a(lib_a-memset.o)
                              /opt/homebrew/Cellar/arm-none-eabi-gcc/10.3-2021.07/gcc/bin/../lib/gcc/arm-none-eabi/10.3.1/../../../../arm-none-eabi/lib/thumb/v7-m/nofp/crt0.o (memset)
/opt/homebrew/Cellar/arm-none-eabi-gcc/10.3-2021.07/gcc/bin/../lib/gcc/arm-none-eabi/10.3.1/../../../../arm-none-eabi/lib/thumb/v7-m/nofp/libg.a(lib_a-__call_atexit.o)
                              /opt/homebrew/Cellar/arm-none-eabi-gcc/10.3-2021.07/gcc/bin/../lib/gcc/arm-none-eabi/10.3.1/../../../../arm-none-eabi/lib/thumb/v7-m/nofp/libg.a(lib_a-exit.o) (__call_exitprocs)
/opt/homebrew/Cellar/arm-none-eabi-gcc/10.3-2021.07/gcc/bin/../lib/gcc/arm-none-eabi/10.3.1/../../../../arm-none-eabi/lib/thumb/v7-m/nofp/libg.a(lib_a-atexit.o)
                              /opt/homebrew/Cellar/arm-none-eabi-gcc/10.3-2021.07/gcc/bin/../lib/gcc/arm-none-eabi/10.3.1/../../../../arm-none-eabi/lib/thumb/v7-m/nofp/libg.a(lib_a-__call_atexit.o) (atexit)
/opt/homebrew/Cellar/arm-none-eabi-gcc/10.3-2021.07/gcc/bin/../lib/gcc/arm-none-eabi/10.3.1/../../../../arm-none-eabi/lib/thumb/v7-m/nofp/libg.a(lib_a-fini.o)
                              /opt/homebrew/Cellar/arm-none-eabi-gcc/10.3-2021.07/gcc/bin/../lib/gcc/arm-none-eabi/10.3.1/../../../../arm-none-eabi/lib/thumb/v7-m/nofp/libg.a(lib_a-__call_atexit.o) (__libc_fini_array)
/opt/homebrew/Cellar/arm-none-eabi-gcc/10.3-2021.07/gcc/bin/../lib/gcc/arm-none-eabi/10.3.1/../../../../arm-none-eabi/lib/thumb/v7-m/nofp/libg.a(lib_a-lock.o)
                              /opt/homebrew/Cellar/arm-none-eabi-gcc/10.3-2021.07/gcc/bin/../lib/gcc/arm-none-eabi/10.3.1/../../../../arm-none-eabi/lib/thumb/v7-m/nofp/libg.a(lib_a-__call_atexit.o) (__retarget_lock_acquire_recursive)
/opt/homebrew/Cellar/arm-none-eabi-gcc/10.3-2021.07/gcc/bin/../lib/gcc/arm-none-eabi/10.3.1/../../../../arm-none-eabi/lib/thumb/v7-m/nofp/libg.a(lib_a-__atexit.o)
                              /opt/homebrew/Cellar/arm-none-eabi-gcc/10.3-2021.07/gcc/bin/../lib/gcc/arm-none-eabi/10.3.1/../../../../arm-none-eabi/lib/thumb/v7-m/nofp/libg.a(lib_a-atexit.o) (__register_exitproc)

Discarded input sections

 .text          0x0000000000000000        0x0 /opt/homebrew/Cellar/arm-none-eabi-gcc/10.3-2021.07/gcc/bin/../lib/gcc/arm-none-eabi/10.3.1/thumb/v7-m/nofp/crti.o
 .data          0x0000000000000000        0x0 /opt/homebrew/Cellar/arm-none-eabi-gcc/10.3-2021.07/gcc/bin/../lib/gcc/arm-none-eabi/10.3.1/thumb/v7-m/nofp/crti.o
 .bss           0x0000000000000000        0x0 /opt/homebrew/Cellar/arm-none-eabi-gcc/10.3-2021.07/gcc/bin/../lib/gcc/arm-none-eabi/10.3.1/thumb/v7-m/nofp/crti.o
 .data          0x0000000000000000        0x4 /opt/homebrew/Cellar/arm-none-eabi-gcc/10.3-2021.07/gcc/bin/../lib/gcc/arm-none-eabi/10.3.1/thumb/v7-m/nofp/crtbegin.o
 .rodata        0x0000000000000000       0x24 /opt/homebrew/Cellar/arm-none-eabi-gcc/10.3-2021.07/gcc/bin/../lib/gcc/arm-none-eabi/10.3.1/thumb/v7-m/nofp/crtbegin.o
 .text          0x0000000000000000       0x7c /opt/homebrew/Cellar/arm-none-eabi-gcc/10.3-2021.07/gcc/bin/../lib/gcc/arm-none-eabi/10.3.1/../../../../arm-none-eabi/lib/thumb/v7-m/nofp/crt0.o
 .data          0x0000000000000000        0x0 /opt/homebrew/Cellar/arm-none-eabi-gcc/10.3-2021.07/gcc/bin/../lib/gcc/arm-none-eabi/10.3.1/../../../../arm-none-eabi/lib/thumb/v7-m/nofp/crt0.o
 .bss           0x0000000000000000        0x0 /opt/homebrew/Cellar/arm-none-eabi-gcc/10.3-2021.07/gcc/bin/../lib/gcc/arm-none-eabi/10.3.1/../../../../arm-none-eabi/lib/thumb/v7-m/nofp/crt0.o
 .ARM.extab     0x0000000000000000        0x0 /opt/homebrew/Cellar/arm-none-eabi-gcc/10.3-2021.07/gcc/bin/../lib/gcc/arm-none-eabi/10.3.1/../../../../arm-none-eabi/lib/thumb/v7-m/nofp/crt0.o
[...]
Memory Configuration

Name             Origin             Length             Attributes
RAM              0x0000000020000000 0x000000000000c000 xrw
FLASH            0x0000000008000000 0x0000000000040000 xr
*default*        0x0000000000000000 0xffffffffffffffff

Linker script and memory map

LOAD /opt/homebrew/Cellar/arm-none-eabi-gcc/10.3-2021.07/gcc/bin/../lib/gcc/arm-none-eabi/10.3.1/thumb/v7-m/nofp/crti.o
LOAD /opt/homebrew/Cellar/arm-none-eabi-gcc/10.3-2021.07/gcc/bin/../lib/gcc/arm-none-eabi/10.3.1/thumb/v7-m/nofp/crtbegin.o
LOAD /opt/homebrew/Cellar/arm-none-eabi-gcc/10.3-2021.07/gcc/bin/../lib/gcc/arm-none-eabi/10.3.1/../../../../arm-none-eabi/lib/thumb/v7-m/nofp/crt0.o
LOAD CMakeFiles/Template.elf.dir/Core/Src/core_cm3.c.obj
LOAD CMakeFiles/Template.elf.dir/Core/Src/main.c.obj
LOAD CMakeFiles/Template.elf.dir/Core/Src/stm32f10x_it.c.obj
LOAD CMakeFiles/Template.elf.dir/Core/Src/system_stm32f10x.c.obj
LOAD CMakeFiles/Template.elf.dir/HARDWARE/Src/led.c.obj
LOAD CMakeFiles/Template.elf.dir/STM32F10x_FWLib/Src/misc.c.obj
LOAD CMakeFiles/Template.elf.dir/STM32F10x_FWLib/Src/stm32f10x_adc.c.obj
LOAD CMakeFiles/Template.elf.dir/STM32F10x_FWLib/Src/stm32f10x_bkp.c.obj
LOAD CMakeFiles/Template.elf.dir/STM32F10x_FWLib/Src/stm32f10x_can.c.obj
LOAD CMakeFiles/Template.elf.dir/STM32F10x_FWLib/Src/stm32f10x_cec.c.obj
LOAD CMakeFiles/Template.elf.dir/STM32F10x_FWLib/Src/stm32f10x_crc.c.obj
LOAD CMakeFiles/Template.elf.dir/STM32F10x_FWLib/Src/stm32f10x_dac.c.obj
LOAD CMakeFiles/Template.elf.dir/STM32F10x_FWLib/Src/stm32f10x_dbgmcu.c.obj
LOAD CMakeFiles/Template.elf.dir/STM32F10x_FWLib/Src/stm32f10x_dma.c.obj
LOAD CMakeFiles/Template.elf.dir/STM32F10x_FWLib/Src/stm32f10x_exti.c.obj
LOAD CMakeFiles/Template.elf.dir/STM32F10x_FWLib/Src/stm32f10x_flash.c.obj
LOAD CMakeFiles/Template.elf.dir/STM32F10x_FWLib/Src/stm32f10x_fsmc.c.obj
LOAD CMakeFiles/Template.elf.dir/STM32F10x_FWLib/Src/stm32f10x_gpio.c.obj
LOAD CMakeFiles/Template.elf.dir/STM32F10x_FWLib/Src/stm32f10x_i2c.c.obj
LOAD CMakeFiles/Template.elf.dir/STM32F10x_FWLib/Src/stm32f10x_iwdg.c.obj
LOAD CMakeFiles/Template.elf.dir/STM32F10x_FWLib/Src/stm32f10x_pwr.c.obj
LOAD CMakeFiles/Template.elf.dir/STM32F10x_FWLib/Src/stm32f10x_rcc.c.obj
LOAD CMakeFiles/Template.elf.dir/STM32F10x_FWLib/Src/stm32f10x_rtc.c.obj
LOAD CMakeFiles/Template.elf.dir/STM32F10x_FWLib/Src/stm32f10x_sdio.c.obj
LOAD CMakeFiles/Template.elf.dir/STM32F10x_FWLib/Src/stm32f10x_spi.c.obj
LOAD CMakeFiles/Template.elf.dir/STM32F10x_FWLib/Src/stm32f10x_tim.c.obj
LOAD CMakeFiles/Template.elf.dir/STM32F10x_FWLib/Src/stm32f10x_usart.c.obj
LOAD CMakeFiles/Template.elf.dir/STM32F10x_FWLib/Src/stm32f10x_wwdg.c.obj
LOAD CMakeFiles/Template.elf.dir/SYSTEM/Src/delay.c.obj
LOAD CMakeFiles/Template.elf.dir/SYSTEM/Src/sys.c.obj
LOAD CMakeFiles/Template.elf.dir/SYSTEM/Src/usart.c.obj
LOAD CMakeFiles/Template.elf.dir/startup/startup_stm32f103rctx.s.obj
START GROUP
LOAD /opt/homebrew/Cellar/arm-none-eabi-gcc/10.3-2021.07/gcc/bin/../lib/gcc/arm-none-eabi/10.3.1/thumb/v7-m/nofp/libgcc.a
LOAD /opt/homebrew/Cellar/arm-none-eabi-gcc/10.3-2021.07/gcc/bin/../lib/gcc/arm-none-eabi/10.3.1/../../../../arm-none-eabi/lib/thumb/v7-m/nofp/libg.a
LOAD /opt/homebrew/Cellar/arm-none-eabi-gcc/10.3-2021.07/gcc/bin/../lib/gcc/arm-none-eabi/10.3.1/../../../../arm-none-eabi/lib/thumb/v7-m/nofp/libc.a
END GROUP
LOAD /opt/homebrew/Cellar/arm-none-eabi-gcc/10.3-2021.07/gcc/bin/../lib/gcc/arm-none-eabi/10.3.1/thumb/v7-m/nofp/crtend.o
LOAD /opt/homebrew/Cellar/arm-none-eabi-gcc/10.3-2021.07/gcc/bin/../lib/gcc/arm-none-eabi/10.3.1/thumb/v7-m/nofp/crtn.o
                0x000000002000c000                _estack = (ORIGIN (RAM) + LENGTH (RAM))
                0x0000000000000200                _Min_Heap_Size = 0x200
                0x0000000000000400                _Min_Stack_Size = 0x400

.isr_vector     0x0000000008000000      0x1e4
                0x0000000008000000                . = ALIGN (0x4)
 *(.isr_vector)
 .isr_vector    0x0000000008000000      0x1e4 CMakeFiles/Template.elf.dir/startup/startup_stm32f103rctx.s.obj
                0x0000000008000000                g_pfnVectors
                0x00000000080001e4                . = ALIGN (0x4)

.text           0x00000000080001e4      0x5d0
                0x00000000080001e4                . = ALIGN (0x4)
 *(.text)
 .text          0x00000000080001e4       0x40 /opt/homebrew/Cellar/arm-none-eabi-gcc/10.3-2021.07/gcc/bin/../lib/gcc/arm-none-eabi/10.3.1/thumb/v7-m/nofp/crtbegin.o
 *(.text*)
 .text.main     0x0000000008000224       0x3c CMakeFiles/Template.elf.dir/Core/Src/main.c.obj
                0x0000000008000224                main
 .text.NMI_Handler
                0x0000000008000260        0x2 CMakeFiles/Template.elf.dir/Core/Src/stm32f10x_it.c.obj
                0x0000000008000260                NMI_Handler
 .text.HardFault_Handler
                0x0000000008000262        0x2 CMakeFiles/Template.elf.dir/Core/Src/stm32f10x_it.c.obj
                0x0000000008000262                HardFault_Handler
 .text.MemManage_Handler
                0x0000000008000264        0x2 CMakeFiles/Template.elf.dir/Core/Src/stm32f10x_it.c.obj
                0x0000000008000264                MemManage_Handler
 .text.BusFault_Handler
                0x0000000008000266        0x2 CMakeFiles/Template.elf.dir/Core/Src/stm32f10x_it.c.obj
                0x0000000008000266                BusFault_Handler
 .text.UsageFault_Handler
                0x0000000008000268        0x2 CMakeFiles/Template.elf.dir/Core/Src/stm32f10x_it.c.obj
                0x0000000008000268                UsageFault_Handler
 .text.SVC_Handler
                0x000000000800026a        0x2 CMakeFiles/Template.elf.dir/Core/Src/stm32f10x_it.c.obj
                0x000000000800026a                SVC_Handler
 .text.DebugMon_Handler
                0x000000000800026c        0x2 CMakeFiles/Template.elf.dir/Core/Src/stm32f10x_it.c.obj
                0x000000000800026c                DebugMon_Handler
 .text.PendSV_Handler
                0x000000000800026e        0x2 CMakeFiles/Template.elf.dir/Core/Src/stm32f10x_it.c.obj
                0x000000000800026e                PendSV_Handler
 .text.SysTick_Handler
                0x0000000008000270        0x2 CMakeFiles/Template.elf.dir/Core/Src/stm32f10x_it.c.obj
                0x0000000008000270                SysTick_Handler
 *fill*         0x0000000008000272        0x2 
 .text.SetSysClockTo72
                0x0000000008000274       0xc4 CMakeFiles/Template.elf.dir/Core/Src/system_stm32f10x.c.obj
 .text.SetSysClock
                0x0000000008000338        0x8 CMakeFiles/Template.elf.dir/Core/Src/system_stm32f10x.c.obj
 .text.SystemInit
                0x0000000008000340       0x50 CMakeFiles/Template.elf.dir/Core/Src/system_stm32f10x.c.obj
                0x0000000008000340                SystemInit
 .text.LED_Init
                0x0000000008000390       0x58 CMakeFiles/Template.elf.dir/HARDWARE/Src/led.c.obj
                0x0000000008000390                LED_Init
 .text.SysTick_CLKSourceConfig
                0x00000000080003e8       0x20 CMakeFiles/Template.elf.dir/STM32F10x_FWLib/Src/misc.c.obj
                0x00000000080003e8                SysTick_CLKSourceConfig
 .text.GPIO_Init
                0x0000000008000408       0xb2 CMakeFiles/Template.elf.dir/STM32F10x_FWLib/Src/stm32f10x_gpio.c.obj
                0x0000000008000408                GPIO_Init
 .text.GPIO_SetBits
                0x00000000080004ba        0x4 CMakeFiles/Template.elf.dir/STM32F10x_FWLib/Src/stm32f10x_gpio.c.obj
                0x00000000080004ba                GPIO_SetBits
 *fill*         0x00000000080004be        0x2 
 .text.RCC_APB2PeriphClockCmd
                0x00000000080004c0       0x1c CMakeFiles/Template.elf.dir/STM32F10x_FWLib/Src/stm32f10x_rcc.c.obj
                0x00000000080004c0                RCC_APB2PeriphClockCmd
 .text.USART_ReceiveData
                0x00000000080004dc        0x8 CMakeFiles/Template.elf.dir/STM32F10x_FWLib/Src/stm32f10x_usart.c.obj
                0x00000000080004dc                USART_ReceiveData
 .text.USART_GetITStatus
                0x00000000080004e4       0x4a CMakeFiles/Template.elf.dir/STM32F10x_FWLib/Src/stm32f10x_usart.c.obj
                0x00000000080004e4                USART_GetITStatus
 *fill*         0x000000000800052e        0x2 
 .text.delay_init
                0x0000000008000530       0x3c CMakeFiles/Template.elf.dir/SYSTEM/Src/delay.c.obj
                0x0000000008000530                delay_init
 .text.delay_ms
                0x000000000800056c       0x40 CMakeFiles/Template.elf.dir/SYSTEM/Src/delay.c.obj
                0x000000000800056c                delay_ms
 .text.USART1_IRQHandler
                0x00000000080005ac       0x7c CMakeFiles/Template.elf.dir/SYSTEM/Src/usart.c.obj
                0x00000000080005ac                USART1_IRQHandler
 .text.Reset_Handler
                0x0000000008000628       0x48 CMakeFiles/Template.elf.dir/startup/startup_stm32f103rctx.s.obj
                0x0000000008000628                Reset_Handler
 .text.Default_Handler
                0x0000000008000670        0x2 CMakeFiles/Template.elf.dir/startup/startup_stm32f103rctx.s.obj
                0x0000000008000670                DMA2_Channel3_IRQHandler
                0x0000000008000670                EXTI2_IRQHandler
                0x0000000008000670                TIM8_TRG_COM_IRQHandler
                0x0000000008000670                TIM8_CC_IRQHandler
                0x0000000008000670                TIM1_CC_IRQHandler
                0x0000000008000670                TIM6_IRQHandler
                0x0000000008000670                PVD_IRQHandler
                0x0000000008000670                SDIO_IRQHandler
                0x0000000008000670                EXTI3_IRQHandler
                0x0000000008000670                EXTI0_IRQHandler
                0x0000000008000670                I2C2_EV_IRQHandler
                0x0000000008000670                ADC1_2_IRQHandler
                0x0000000008000670                SPI1_IRQHandler
                0x0000000008000670                TAMPER_IRQHandler
                0x0000000008000670                TIM8_UP_IRQHandler
                0x0000000008000670                DMA2_Channel2_IRQHandler
                0x0000000008000670                DMA1_Channel4_IRQHandler
                0x0000000008000670                USART3_IRQHandler
                0x0000000008000670                RTC_IRQHandler
                0x0000000008000670                DMA1_Channel7_IRQHandler
                0x0000000008000670                CAN1_RX1_IRQHandler
                0x0000000008000670                UART5_IRQHandler
                0x0000000008000670                ADC3_IRQHandler
                0x0000000008000670                TIM4_IRQHandler
                0x0000000008000670                DMA2_Channel1_IRQHandler
                0x0000000008000670                I2C1_EV_IRQHandler
                0x0000000008000670                DMA1_Channel6_IRQHandler
                0x0000000008000670                UART4_IRQHandler
                0x0000000008000670                TIM3_IRQHandler
                0x0000000008000670                RCC_IRQHandler
                0x0000000008000670                TIM1_TRG_COM_IRQHandler
                0x0000000008000670                DMA1_Channel1_IRQHandler
                0x0000000008000670                Default_Handler
                0x0000000008000670                EXTI15_10_IRQHandler
                0x0000000008000670                TIM7_IRQHandler
                0x0000000008000670                TIM5_IRQHandler
                0x0000000008000670                EXTI9_5_IRQHandler
                0x0000000008000670                SPI2_IRQHandler
                0x0000000008000670                DMA1_Channel5_IRQHandler
                0x0000000008000670                EXTI4_IRQHandler
                0x0000000008000670                USB_LP_CAN1_RX0_IRQHandler
                0x0000000008000670                USB_HP_CAN1_TX_IRQHandler
                0x0000000008000670                DMA1_Channel3_IRQHandler
                0x0000000008000670                FSMC_IRQHandler
                0x0000000008000670                TIM1_UP_IRQHandler
                0x0000000008000670                WWDG_IRQHandler
                0x0000000008000670                TIM2_IRQHandler
                0x0000000008000670                TIM1_BRK_IRQHandler
                0x0000000008000670                EXTI1_IRQHandler
                0x0000000008000670                DMA2_Channel4_5_IRQHandler
                0x0000000008000670                USART2_IRQHandler
                0x0000000008000670                I2C2_ER_IRQHandler
                0x0000000008000670                DMA1_Channel2_IRQHandler
                0x0000000008000670                TIM8_BRK_IRQHandler
                0x0000000008000670                CAN1_SCE_IRQHandler
                0x0000000008000670                FLASH_IRQHandler
                0x0000000008000670                SPI3_IRQHandler
                0x0000000008000670                I2C1_ER_IRQHandler
                0x0000000008000670                USBWakeUp_IRQHandler
                0x0000000008000670                RTC_Alarm_IRQHandler
 *fill*         0x0000000008000672        0x2 
 .text.__libc_init_array
                0x0000000008000674       0x48 /opt/homebrew/Cellar/arm-none-eabi-gcc/10.3-2021.07/gcc/bin/../lib/gcc/arm-none-eabi/10.3.1/../../../../arm-none-eabi/lib/thumb/v7-m/nofp/libg.a(lib_a-init.o)
                0x0000000008000674                __libc_init_array
 .text.startup.register_fini
                0x00000000080006bc       0x14 /opt/homebrew/Cellar/arm-none-eabi-gcc/10.3-2021.07/gcc/bin/../lib/gcc/arm-none-eabi/10.3.1/../../../../arm-none-eabi/lib/thumb/v7-m/nofp/libg.a(lib_a-__call_atexit.o)
 .text.atexit   0x00000000080006d0        0xc /opt/homebrew/Cellar/arm-none-eabi-gcc/10.3-2021.07/gcc/bin/../lib/gcc/arm-none-eabi/10.3.1/../../../../arm-none-eabi/lib/thumb/v7-m/nofp/libg.a(lib_a-atexit.o)
                0x00000000080006d0                atexit
 .text.__libc_fini_array
                0x00000000080006dc       0x2c /opt/homebrew/Cellar/arm-none-eabi-gcc/10.3-2021.07/gcc/bin/../lib/gcc/arm-none-eabi/10.3.1/../../../../arm-none-eabi/lib/thumb/v7-m/nofp/libg.a(lib_a-fini.o)
                0x00000000080006dc                __libc_fini_array
 .text.__retarget_lock_acquire_recursive
                0x0000000008000708        0x4 /opt/homebrew/Cellar/arm-none-eabi-gcc/10.3-2021.07/gcc/bin/../lib/gcc/arm-none-eabi/10.3.1/../../../../arm-none-eabi/lib/thumb/v7-m/nofp/libg.a(lib_a-lock.o)
                0x0000000008000708                __retarget_lock_acquire_recursive
 .text.__retarget_lock_release_recursive
                0x000000000800070c        0x4 /opt/homebrew/Cellar/arm-none-eabi-gcc/10.3-2021.07/gcc/bin/../lib/gcc/arm-none-eabi/10.3.1/../../../../arm-none-eabi/lib/thumb/v7-m/nofp/libg.a(lib_a-lock.o)
                0x000000000800070c                __retarget_lock_release_recursive
 .text.__register_exitproc
                0x0000000008000710       0x8c /opt/homebrew/Cellar/arm-none-eabi-gcc/10.3-2021.07/gcc/bin/../lib/gcc/arm-none-eabi/10.3.1/../../../../arm-none-eabi/lib/thumb/v7-m/nofp/libg.a(lib_a-__atexit.o)
                0x0000000008000710                __register_exitproc
 *(.glue_7)
 .glue_7        0x000000000800079c        0x0 linker stubs
 *(.glue_7t)
 .glue_7t       0x000000000800079c        0x0 linker stubs
 *(.eh_frame)
 .eh_frame      0x000000000800079c        0x0 /opt/homebrew/Cellar/arm-none-eabi-gcc/10.3-2021.07/gcc/bin/../lib/gcc/arm-none-eabi/10.3.1/thumb/v7-m/nofp/crtbegin.o
 *(.init)
 .init          0x000000000800079c        0x4 /opt/homebrew/Cellar/arm-none-eabi-gcc/10.3-2021.07/gcc/bin/../lib/gcc/arm-none-eabi/10.3.1/thumb/v7-m/nofp/crti.o
                0x000000000800079c                _init
 .init          0x00000000080007a0        0x8 /opt/homebrew/Cellar/arm-none-eabi-gcc/10.3-2021.07/gcc/bin/../lib/gcc/arm-none-eabi/10.3.1/thumb/v7-m/nofp/crtn.o
 *(.fini)
 .fini          0x00000000080007a8        0x4 /opt/homebrew/Cellar/arm-none-eabi-gcc/10.3-2021.07/gcc/bin/../lib/gcc/arm-none-eabi/10.3.1/thumb/v7-m/nofp/crti.o
                0x00000000080007a8                _fini
 .fini          0x00000000080007ac        0x8 /opt/homebrew/Cellar/arm-none-eabi-gcc/10.3-2021.07/gcc/bin/../lib/gcc/arm-none-eabi/10.3.1/thumb/v7-m/nofp/crtn.o
                0x00000000080007b4                . = ALIGN (0x4)
                0x00000000080007b4                _etext = .

.vfp11_veneer   0x00000000080007b4        0x0
 .vfp11_veneer  0x00000000080007b4        0x0 linker stubs

.v4_bx          0x00000000080007b4        0x0
 .v4_bx         0x00000000080007b4        0x0 linker stubs

.iplt           0x00000000080007b4        0x0
 .iplt          0x00000000080007b4        0x0 /opt/homebrew/Cellar/arm-none-eabi-gcc/10.3-2021.07/gcc/bin/../lib/gcc/arm-none-eabi/10.3.1/thumb/v7-m/nofp/crtbegin.o

.rodata         0x00000000080007b4        0x4
                0x00000000080007b4                . = ALIGN (0x4)
 *(.rodata)
 *(.rodata*)
 .rodata._global_impure_ptr
                0x00000000080007b4        0x4 /opt/homebrew/Cellar/arm-none-eabi-gcc/10.3-2021.07/gcc/bin/../lib/gcc/arm-none-eabi/10.3.1/../../../../arm-none-eabi/lib/thumb/v7-m/nofp/libg.a(lib_a-impure.o)
                0x00000000080007b4                _global_impure_ptr
                0x00000000080007b8                . = ALIGN (0x4)

.rel.dyn        0x00000000080007b8        0x0
 .rel.iplt      0x00000000080007b8        0x0 /opt/homebrew/Cellar/arm-none-eabi-gcc/10.3-2021.07/gcc/bin/../lib/gcc/arm-none-eabi/10.3.1/thumb/v7-m/nofp/crtbegin.o

.ARM.extab      0x00000000080007b8        0x0
                0x00000000080007b8                . = ALIGN (0x4)
 *(.ARM.extab* .gnu.linkonce.armextab.*)
                0x00000000080007b8                . = ALIGN (0x4)

.ARM            0x00000000080007b8        0x0
                0x00000000080007b8                . = ALIGN (0x4)
                0x00000000080007b8                __exidx_start = .
 *(.ARM.exidx*)
                0x00000000080007b8                __exidx_end = .
                0x00000000080007b8                . = ALIGN (0x4)

.preinit_array  0x00000000080007b8        0x0
                0x00000000080007b8                . = ALIGN (0x4)
                0x00000000080007b8                PROVIDE (__preinit_array_start = .)
 *(.preinit_array*)
                0x00000000080007b8                PROVIDE (__preinit_array_end = .)
                0x00000000080007b8                . = ALIGN (0x4)

.init_array     0x00000000080007b8        0x8
                0x00000000080007b8                . = ALIGN (0x4)
                0x00000000080007b8                PROVIDE (__init_array_start = .)
 *(SORT_BY_NAME(.init_array.*))
 .init_array.00000
                0x00000000080007b8        0x4 /opt/homebrew/Cellar/arm-none-eabi-gcc/10.3-2021.07/gcc/bin/../lib/gcc/arm-none-eabi/10.3.1/../../../../arm-none-eabi/lib/thumb/v7-m/nofp/libg.a(lib_a-__call_atexit.o)
 *(.init_array*)
 .init_array    0x00000000080007bc        0x4 /opt/homebrew/Cellar/arm-none-eabi-gcc/10.3-2021.07/gcc/bin/../lib/gcc/arm-none-eabi/10.3.1/thumb/v7-m/nofp/crtbegin.o
                0x00000000080007c0                PROVIDE (__init_array_end = .)
                0x00000000080007c0                . = ALIGN (0x4)

.fini_array     0x00000000080007c0        0x4
                0x00000000080007c0                . = ALIGN (0x4)
                0x00000000080007c0                PROVIDE (__fini_array_start = .)
 *(SORT_BY_NAME(.fini_array.*))
 *(.fini_array*)
 .fini_array    0x00000000080007c0        0x4 /opt/homebrew/Cellar/arm-none-eabi-gcc/10.3-2021.07/gcc/bin/../lib/gcc/arm-none-eabi/10.3.1/thumb/v7-m/nofp/crtbegin.o
                0x00000000080007c4                PROVIDE (__fini_array_end = .)
                0x00000000080007c4                . = ALIGN (0x4)
                0x00000000080007c4                _sidata = LOADADDR (.data)

.data           0x0000000020000000      0x434 load address 0x00000000080007c4
                0x0000000020000000                . = ALIGN (0x4)
                0x0000000020000000                _sdata = .
 *(.data)
 *(.data*)
 .data.SystemCoreClock
                0x0000000020000000        0x4 CMakeFiles/Template.elf.dir/Core/Src/system_stm32f10x.c.obj
                0x0000000020000000                SystemCoreClock
 *fill*         0x0000000020000004        0x4 
 .data.impure_data
                0x0000000020000008      0x428 /opt/homebrew/Cellar/arm-none-eabi-gcc/10.3-2021.07/gcc/bin/../lib/gcc/arm-none-eabi/10.3.1/../../../../arm-none-eabi/lib/thumb/v7-m/nofp/libg.a(lib_a-impure.o)
 .data.__atexit_recursive_mutex
                0x0000000020000430        0x4 /opt/homebrew/Cellar/arm-none-eabi-gcc/10.3-2021.07/gcc/bin/../lib/gcc/arm-none-eabi/10.3.1/../../../../arm-none-eabi/lib/thumb/v7-m/nofp/libg.a(lib_a-__call_atexit.o)
                0x0000000020000430                __atexit_recursive_mutex
 *(.RamFunc)
 *(.RamFunc*)
                0x0000000020000434                . = ALIGN (0x4)
                0x0000000020000434                _edata = .

.igot.plt       0x0000000020000434        0x0 load address 0x0000000008000bf8
 .igot.plt      0x0000000020000434        0x0 /opt/homebrew/Cellar/arm-none-eabi-gcc/10.3-2021.07/gcc/bin/../lib/gcc/arm-none-eabi/10.3.1/thumb/v7-m/nofp/crtbegin.o
                0x0000000020000434                . = ALIGN (0x4)

.bss            0x0000000020000434       0xf0 load address 0x0000000008000bf8
                0x0000000020000434                _sbss = .
                0x0000000020000434                __bss_start__ = _sbss
 *(.bss)
 .bss           0x0000000020000434       0x1c /opt/homebrew/Cellar/arm-none-eabi-gcc/10.3-2021.07/gcc/bin/../lib/gcc/arm-none-eabi/10.3.1/thumb/v7-m/nofp/crtbegin.o
 *(.bss*)
 .bss.fac_ms    0x0000000020000450        0x2 CMakeFiles/Template.elf.dir/SYSTEM/Src/delay.c.obj
 .bss.fac_us    0x0000000020000452        0x1 CMakeFiles/Template.elf.dir/SYSTEM/Src/delay.c.obj
 *fill*         0x0000000020000453        0x1 
 .bss.USART_RX_BUF
                0x0000000020000454       0xc8 CMakeFiles/Template.elf.dir/SYSTEM/Src/usart.c.obj
                0x0000000020000454                USART_RX_BUF
 .bss.USART_RX_STA
                0x000000002000051c        0x2 CMakeFiles/Template.elf.dir/SYSTEM/Src/usart.c.obj
                0x000000002000051c                USART_RX_STA
 *fill*         0x000000002000051e        0x2 
 .bss.__lock___atexit_recursive_mutex
                0x0000000020000520        0x1 /opt/homebrew/Cellar/arm-none-eabi-gcc/10.3-2021.07/gcc/bin/../lib/gcc/arm-none-eabi/10.3.1/../../../../arm-none-eabi/lib/thumb/v7-m/nofp/libg.a(lib_a-lock.o)
                0x0000000020000520                __lock___atexit_recursive_mutex
 *(COMMON)
                0x0000000020000524                . = ALIGN (0x4)
 *fill*         0x0000000020000521        0x3 
                0x0000000020000524                _ebss = .
                0x0000000020000524                __bss_end__ = _ebss

._user_heap_stack
                0x0000000020000524      0x604 load address 0x0000000008000bf8
                0x0000000020000528                . = ALIGN (0x8)
 *fill*         0x0000000020000524        0x4 
                [!provide]                        PROVIDE (end = .)
                [!provide]                        PROVIDE (_end = .)
                0x0000000020000728                . = (. + _Min_Heap_Size)
 *fill*         0x0000000020000528      0x200 
                0x0000000020000b28                . = (. + _Min_Stack_Size)
 *fill*         0x0000000020000728      0x400 
                0x0000000020000b28                . = ALIGN (0x8)

/DISCARD/
 libc.a(*)
 libm.a(*)
 libgcc.a(*)

.ARM.attributes
                0x0000000000000000       0x29
 *(.ARM.attributes)
 .ARM.attributes
                0x0000000000000000       0x1d /opt/homebrew/Cellar/arm-none-eabi-gcc/10.3-2021.07/gcc/bin/../lib/gcc/arm-none-eabi/10.3.1/thumb/v7-m/nofp/crti.o
 .ARM.attributes
                0x000000000000001d       0x2d /opt/homebrew/Cellar/arm-none-eabi-gcc/10.3-2021.07/gcc/bin/../lib/gcc/arm-none-eabi/10.3.1/thumb/v7-m/nofp/crtbegin.o
 .ARM.attributes
                0x000000000000004a       0x2d CMakeFiles/Template.elf.dir/Core/Src/main.c.obj
 .ARM.attributes
                0x0000000000000077       0x2d CMakeFiles/Template.elf.dir/Core/Src/stm32f10x_it.c.obj
 .ARM.attributes
                0x00000000000000a4       0x2d CMakeFiles/Template.elf.dir/Core/Src/system_stm32f10x.c.obj
 .ARM.attributes
                0x00000000000000d1       0x2d CMakeFiles/Template.elf.dir/HARDWARE/Src/led.c.obj
 .ARM.attributes
                0x00000000000000fe       0x2d CMakeFiles/Template.elf.dir/STM32F10x_FWLib/Src/misc.c.obj
 .ARM.attributes
                0x000000000000012b       0x2d CMakeFiles/Template.elf.dir/STM32F10x_FWLib/Src/stm32f10x_gpio.c.obj
 .ARM.attributes
                0x0000000000000158       0x2d CMakeFiles/Template.elf.dir/STM32F10x_FWLib/Src/stm32f10x_rcc.c.obj
 .ARM.attributes
                0x0000000000000185       0x2d CMakeFiles/Template.elf.dir/STM32F10x_FWLib/Src/stm32f10x_usart.c.obj
 .ARM.attributes
                0x00000000000001b2       0x2d CMakeFiles/Template.elf.dir/SYSTEM/Src/delay.c.obj
 .ARM.attributes
                0x00000000000001df       0x2d CMakeFiles/Template.elf.dir/SYSTEM/Src/usart.c.obj
 .ARM.attributes
                0x000000000000020c       0x21 CMakeFiles/Template.elf.dir/startup/startup_stm32f103rctx.s.obj
 .ARM.attributes
                0x000000000000022d       0x2d /opt/homebrew/Cellar/arm-none-eabi-gcc/10.3-2021.07/gcc/bin/../lib/gcc/arm-none-eabi/10.3.1/../../../../arm-none-eabi/lib/thumb/v7-m/nofp/libg.a(lib_a-impure.o)
 .ARM.attributes
                0x000000000000025a       0x2d /opt/homebrew/Cellar/arm-none-eabi-gcc/10.3-2021.07/gcc/bin/../lib/gcc/arm-none-eabi/10.3.1/../../../../arm-none-eabi/lib/thumb/v7-m/nofp/libg.a(lib_a-init.o)
 .ARM.attributes
                0x0000000000000287       0x2d /opt/homebrew/Cellar/arm-none-eabi-gcc/10.3-2021.07/gcc/bin/../lib/gcc/arm-none-eabi/10.3.1/../../../../arm-none-eabi/lib/thumb/v7-m/nofp/libg.a(lib_a-__call_atexit.o)
 .ARM.attributes
                0x00000000000002b4       0x2d /opt/homebrew/Cellar/arm-none-eabi-gcc/10.3-2021.07/gcc/bin/../lib/gcc/arm-none-eabi/10.3.1/../../../../arm-none-eabi/lib/thumb/v7-m/nofp/libg.a(lib_a-atexit.o)
 .ARM.attributes
                0x00000000000002e1       0x2d /opt/homebrew/Cellar/arm-none-eabi-gcc/10.3-2021.07/gcc/bin/../lib/gcc/arm-none-eabi/10.3.1/../../../../arm-none-eabi/lib/thumb/v7-m/nofp/libg.a(lib_a-fini.o)
 .ARM.attributes
                0x000000000000030e       0x2d /opt/homebrew/Cellar/arm-none-eabi-gcc/10.3-2021.07/gcc/bin/../lib/gcc/arm-none-eabi/10.3.1/../../../../arm-none-eabi/lib/thumb/v7-m/nofp/libg.a(lib_a-lock.o)
 .ARM.attributes
                0x000000000000033b       0x2d /opt/homebrew/Cellar/arm-none-eabi-gcc/10.3-2021.07/gcc/bin/../lib/gcc/arm-none-eabi/10.3.1/../../../../arm-none-eabi/lib/thumb/v7-m/nofp/libg.a(lib_a-__atexit.o)
 .ARM.attributes
                0x0000000000000368       0x1d /opt/homebrew/Cellar/arm-none-eabi-gcc/10.3-2021.07/gcc/bin/../lib/gcc/arm-none-eabi/10.3.1/thumb/v7-m/nofp/crtn.o
OUTPUT(Template.elf elf32-littlearm)
LOAD linker stubs
LOAD /opt/homebrew/Cellar/arm-none-eabi-gcc/10.3-2021.07/gcc/bin/../lib/gcc/arm-none-eabi/10.3.1/../../../../arm-none-eabi/lib/thumb/v7-m/nofp/libc.a
LOAD /opt/homebrew/Cellar/arm-none-eabi-gcc/10.3-2021.07/gcc/bin/../lib/gcc/arm-none-eabi/10.3.1/../../../../arm-none-eabi/lib/thumb/v7-m/nofp/libm.a
LOAD /opt/homebrew/Cellar/arm-none-eabi-gcc/10.3-2021.07/gcc/bin/../lib/gcc/arm-none-eabi/10.3.1/thumb/v7-m/nofp/libgcc.a

.debug_info     0x0000000000000000     0x40e2
 .debug_info    0x0000000000000000       0xfb CMakeFiles/Template.elf.dir/Core/Src/main.c.obj
 .debug_info    0x00000000000000fb      0x10e CMakeFiles/Template.elf.dir/Core/Src/stm32f10x_it.c.obj
 .debug_info    0x0000000000000209      0x49c CMakeFiles/Template.elf.dir/Core/Src/system_stm32f10x.c.obj
 .debug_info    0x00000000000006a5      0x2bb CMakeFiles/Template.elf.dir/HARDWARE/Src/led.c.obj
 .debug_info    0x0000000000000960      0x52c CMakeFiles/Template.elf.dir/STM32F10x_FWLib/Src/misc.c.obj
 .debug_info    0x0000000000000e8c      0x91e CMakeFiles/Template.elf.dir/STM32F10x_FWLib/Src/stm32f10x_gpio.c.obj
 .debug_info    0x00000000000017aa      0x97f CMakeFiles/Template.elf.dir/STM32F10x_FWLib/Src/stm32f10x_rcc.c.obj
 .debug_info    0x0000000000002129      0xc08 CMakeFiles/Template.elf.dir/STM32F10x_FWLib/Src/stm32f10x_usart.c.obj
 .debug_info    0x0000000000002d31      0x215 CMakeFiles/Template.elf.dir/SYSTEM/Src/delay.c.obj
 .debug_info    0x0000000000002f46     0x117a CMakeFiles/Template.elf.dir/SYSTEM/Src/usart.c.obj
 .debug_info    0x00000000000040c0       0x22 CMakeFiles/Template.elf.dir/startup/startup_stm32f103rctx.s.obj

.debug_abbrev   0x0000000000000000      0xfb5
 .debug_abbrev  0x0000000000000000       0x99 CMakeFiles/Template.elf.dir/Core/Src/main.c.obj
 .debug_abbrev  0x0000000000000099       0x44 CMakeFiles/Template.elf.dir/Core/Src/stm32f10x_it.c.obj
 .debug_abbrev  0x00000000000000dd      0x1b8 CMakeFiles/Template.elf.dir/Core/Src/system_stm32f10x.c.obj
 .debug_abbrev  0x0000000000000295      0x133 CMakeFiles/Template.elf.dir/HARDWARE/Src/led.c.obj
 .debug_abbrev  0x00000000000003c8      0x198 CMakeFiles/Template.elf.dir/STM32F10x_FWLib/Src/misc.c.obj
 .debug_abbrev  0x0000000000000560      0x220 CMakeFiles/Template.elf.dir/STM32F10x_FWLib/Src/stm32f10x_gpio.c.obj
 .debug_abbrev  0x0000000000000780      0x204 CMakeFiles/Template.elf.dir/STM32F10x_FWLib/Src/stm32f10x_rcc.c.obj
 .debug_abbrev  0x0000000000000984      0x1dc CMakeFiles/Template.elf.dir/STM32F10x_FWLib/Src/stm32f10x_usart.c.obj
 .debug_abbrev  0x0000000000000b60      0x128 CMakeFiles/Template.elf.dir/SYSTEM/Src/delay.c.obj
 .debug_abbrev  0x0000000000000c88      0x31b CMakeFiles/Template.elf.dir/SYSTEM/Src/usart.c.obj
 .debug_abbrev  0x0000000000000fa3       0x12 CMakeFiles/Template.elf.dir/startup/startup_stm32f103rctx.s.obj

.debug_aranges  0x0000000000000000      0x470
 .debug_aranges
                0x0000000000000000       0x20 CMakeFiles/Template.elf.dir/Core/Src/main.c.obj
 .debug_aranges
                0x0000000000000020       0x60 CMakeFiles/Template.elf.dir/Core/Src/stm32f10x_it.c.obj
 .debug_aranges
                0x0000000000000080       0x38 CMakeFiles/Template.elf.dir/Core/Src/system_stm32f10x.c.obj
 .debug_aranges
                0x00000000000000b8       0x20 CMakeFiles/Template.elf.dir/HARDWARE/Src/led.c.obj
 .debug_aranges
                0x00000000000000d8       0x40 CMakeFiles/Template.elf.dir/STM32F10x_FWLib/Src/misc.c.obj
 .debug_aranges
                0x0000000000000118       0xa8 CMakeFiles/Template.elf.dir/STM32F10x_FWLib/Src/stm32f10x_gpio.c.obj
 .debug_aranges
                0x00000000000001c0      0x118 CMakeFiles/Template.elf.dir/STM32F10x_FWLib/Src/stm32f10x_rcc.c.obj
 .debug_aranges
                0x00000000000002d8      0x100 CMakeFiles/Template.elf.dir/STM32F10x_FWLib/Src/stm32f10x_usart.c.obj
 .debug_aranges
                0x00000000000003d8       0x30 CMakeFiles/Template.elf.dir/SYSTEM/Src/delay.c.obj
 .debug_aranges
                0x0000000000000408       0x40 CMakeFiles/Template.elf.dir/SYSTEM/Src/usart.c.obj
 .debug_aranges
                0x0000000000000448       0x28 CMakeFiles/Template.elf.dir/startup/startup_stm32f103rctx.s.obj

.debug_ranges   0x0000000000000000      0x3c8
 .debug_ranges  0x0000000000000000       0x10 CMakeFiles/Template.elf.dir/Core/Src/main.c.obj
 .debug_ranges  0x0000000000000010       0x50 CMakeFiles/Template.elf.dir/Core/Src/stm32f10x_it.c.obj
 .debug_ranges  0x0000000000000060       0x28 CMakeFiles/Template.elf.dir/Core/Src/system_stm32f10x.c.obj
 .debug_ranges  0x0000000000000088       0x10 CMakeFiles/Template.elf.dir/HARDWARE/Src/led.c.obj
 .debug_ranges  0x0000000000000098       0x30 CMakeFiles/Template.elf.dir/STM32F10x_FWLib/Src/misc.c.obj
 .debug_ranges  0x00000000000000c8       0x98 CMakeFiles/Template.elf.dir/STM32F10x_FWLib/Src/stm32f10x_gpio.c.obj
 .debug_ranges  0x0000000000000160      0x108 CMakeFiles/Template.elf.dir/STM32F10x_FWLib/Src/stm32f10x_rcc.c.obj
 .debug_ranges  0x0000000000000268       0xf0 CMakeFiles/Template.elf.dir/STM32F10x_FWLib/Src/stm32f10x_usart.c.obj
 .debug_ranges  0x0000000000000358       0x20 CMakeFiles/Template.elf.dir/SYSTEM/Src/delay.c.obj
 .debug_ranges  0x0000000000000378       0x30 CMakeFiles/Template.elf.dir/SYSTEM/Src/usart.c.obj
 .debug_ranges  0x00000000000003a8       0x20 CMakeFiles/Template.elf.dir/startup/startup_stm32f103rctx.s.obj

.debug_line     0x0000000000000000     0x2d97
 .debug_line    0x0000000000000000      0x201 CMakeFiles/Template.elf.dir/Core/Src/main.c.obj
 .debug_line    0x0000000000000201      0x14b CMakeFiles/Template.elf.dir/Core/Src/stm32f10x_it.c.obj
 .debug_line    0x000000000000034c      0x3fd CMakeFiles/Template.elf.dir/Core/Src/system_stm32f10x.c.obj
 .debug_line    0x0000000000000749      0x1fb CMakeFiles/Template.elf.dir/HARDWARE/Src/led.c.obj
 .debug_line    0x0000000000000944      0x2f2 CMakeFiles/Template.elf.dir/STM32F10x_FWLib/Src/misc.c.obj
 .debug_line    0x0000000000000c36      0x710 CMakeFiles/Template.elf.dir/STM32F10x_FWLib/Src/stm32f10x_gpio.c.obj
 .debug_line    0x0000000000001346      0x8be CMakeFiles/Template.elf.dir/STM32F10x_FWLib/Src/stm32f10x_rcc.c.obj
 .debug_line    0x0000000000001c04      0x8e7 CMakeFiles/Template.elf.dir/STM32F10x_FWLib/Src/stm32f10x_usart.c.obj
 .debug_line    0x00000000000024eb      0x2c7 CMakeFiles/Template.elf.dir/SYSTEM/Src/delay.c.obj
 .debug_line    0x00000000000027b2      0x541 CMakeFiles/Template.elf.dir/SYSTEM/Src/usart.c.obj
 .debug_line    0x0000000000002cf3       0xa4 CMakeFiles/Template.elf.dir/startup/startup_stm32f103rctx.s.obj

.debug_str      0x0000000000000000     0x1afd
 .debug_str     0x0000000000000000      0x1ad CMakeFiles/Template.elf.dir/Core/Src/main.c.obj
                                        0x1ea (size before relaxing)
 .debug_str     0x00000000000001ad       0xcd CMakeFiles/Template.elf.dir/Core/Src/stm32f10x_it.c.obj
                                        0x24c (size before relaxing)
 .debug_str     0x000000000000027a      0x17f CMakeFiles/Template.elf.dir/Core/Src/system_stm32f10x.c.obj
                                        0x33c (size before relaxing)
 .debug_str     0x00000000000003f9      0x1a5 CMakeFiles/Template.elf.dir/HARDWARE/Src/led.c.obj
                                        0x355 (size before relaxing)
 .debug_str     0x000000000000059e      0x21d CMakeFiles/Template.elf.dir/STM32F10x_FWLib/Src/misc.c.obj
                                        0x41f (size before relaxing)
 .debug_str     0x00000000000007bb      0x278 CMakeFiles/Template.elf.dir/STM32F10x_FWLib/Src/stm32f10x_gpio.c.obj
                                        0x597 (size before relaxing)
 .debug_str     0x0000000000000a33      0x3c2 CMakeFiles/Template.elf.dir/STM32F10x_FWLib/Src/stm32f10x_rcc.c.obj
                                        0x681 (size before relaxing)
 .debug_str     0x0000000000000df5      0x44b CMakeFiles/Template.elf.dir/STM32F10x_FWLib/Src/stm32f10x_usart.c.obj
                                        0x737 (size before relaxing)
 .debug_str     0x0000000000001240       0x54 CMakeFiles/Template.elf.dir/SYSTEM/Src/delay.c.obj
                                        0x266 (size before relaxing)
 .debug_str     0x0000000000001294      0x816 CMakeFiles/Template.elf.dir/SYSTEM/Src/usart.c.obj
                                        0xd28 (size before relaxing)
 .debug_str     0x0000000000001aaa       0x53 CMakeFiles/Template.elf.dir/startup/startup_stm32f103rctx.s.obj
                                         0x8a (size before relaxing)

.comment        0x0000000000000000       0x49
 .comment       0x0000000000000000       0x49 CMakeFiles/Template.elf.dir/Core/Src/main.c.obj
                                         0x4a (size before relaxing)
 .comment       0x0000000000000049       0x4a CMakeFiles/Template.elf.dir/Core/Src/stm32f10x_it.c.obj
 .comment       0x0000000000000049       0x4a CMakeFiles/Template.elf.dir/Core/Src/system_stm32f10x.c.obj
 .comment       0x0000000000000049       0x4a CMakeFiles/Template.elf.dir/HARDWARE/Src/led.c.obj
 .comment       0x0000000000000049       0x4a CMakeFiles/Template.elf.dir/STM32F10x_FWLib/Src/misc.c.obj
 .comment       0x0000000000000049       0x4a CMakeFiles/Template.elf.dir/STM32F10x_FWLib/Src/stm32f10x_gpio.c.obj
 .comment       0x0000000000000049       0x4a CMakeFiles/Template.elf.dir/STM32F10x_FWLib/Src/stm32f10x_rcc.c.obj
 .comment       0x0000000000000049       0x4a CMakeFiles/Template.elf.dir/STM32F10x_FWLib/Src/stm32f10x_usart.c.obj
 .comment       0x0000000000000049       0x4a CMakeFiles/Template.elf.dir/SYSTEM/Src/delay.c.obj
 .comment       0x0000000000000049       0x4a CMakeFiles/Template.elf.dir/SYSTEM/Src/usart.c.obj

.debug_frame    0x0000000000000000      0x9e4
 .debug_frame   0x0000000000000000       0x28 CMakeFiles/Template.elf.dir/Core/Src/main.c.obj
 .debug_frame   0x0000000000000028       0xa0 CMakeFiles/Template.elf.dir/Core/Src/stm32f10x_it.c.obj
 .debug_frame   0x00000000000000c8       0x6c CMakeFiles/Template.elf.dir/Core/Src/system_stm32f10x.c.obj
 .debug_frame   0x0000000000000134       0x30 CMakeFiles/Template.elf.dir/HARDWARE/Src/led.c.obj
 .debug_frame   0x0000000000000164       0x60 CMakeFiles/Template.elf.dir/STM32F10x_FWLib/Src/misc.c.obj
 .debug_frame   0x00000000000001c4      0x160 CMakeFiles/Template.elf.dir/STM32F10x_FWLib/Src/stm32f10x_gpio.c.obj
 .debug_frame   0x0000000000000324      0x228 CMakeFiles/Template.elf.dir/STM32F10x_FWLib/Src/stm32f10x_rcc.c.obj
 .debug_frame   0x000000000000054c      0x204 CMakeFiles/Template.elf.dir/STM32F10x_FWLib/Src/stm32f10x_usart.c.obj
 .debug_frame   0x0000000000000750       0x48 CMakeFiles/Template.elf.dir/SYSTEM/Src/delay.c.obj
 .debug_frame   0x0000000000000798       0x8c CMakeFiles/Template.elf.dir/SYSTEM/Src/usart.c.obj
 .debug_frame   0x0000000000000824       0x2c /opt/homebrew/Cellar/arm-none-eabi-gcc/10.3-2021.07/gcc/bin/../lib/gcc/arm-none-eabi/10.3.1/../../../../arm-none-eabi/lib/thumb/v7-m/nofp/libg.a(lib_a-init.o)
 .debug_frame   0x0000000000000850       0x5c /opt/homebrew/Cellar/arm-none-eabi-gcc/10.3-2021.07/gcc/bin/../lib/gcc/arm-none-eabi/10.3.1/../../../../arm-none-eabi/lib/thumb/v7-m/nofp/libg.a(lib_a-__call_atexit.o)
 .debug_frame   0x00000000000008ac       0x20 /opt/homebrew/Cellar/arm-none-eabi-gcc/10.3-2021.07/gcc/bin/../lib/gcc/arm-none-eabi/10.3.1/../../../../arm-none-eabi/lib/thumb/v7-m/nofp/libg.a(lib_a-atexit.o)
 .debug_frame   0x00000000000008cc       0x34 /opt/homebrew/Cellar/arm-none-eabi-gcc/10.3-2021.07/gcc/bin/../lib/gcc/arm-none-eabi/10.3.1/../../../../arm-none-eabi/lib/thumb/v7-m/nofp/libg.a(lib_a-fini.o)
 .debug_frame   0x0000000000000900       0xb0 /opt/homebrew/Cellar/arm-none-eabi-gcc/10.3-2021.07/gcc/bin/../lib/gcc/arm-none-eabi/10.3.1/../../../../arm-none-eabi/lib/thumb/v7-m/nofp/libg.a(lib_a-lock.o)
 .debug_frame   0x00000000000009b0       0x34 /opt/homebrew/Cellar/arm-none-eabi-gcc/10.3-2021.07/gcc/bin/../lib/gcc/arm-none-eabi/10.3.1/../../../../arm-none-eabi/lib/thumb/v7-m/nofp/libg.a(lib_a-__atexit.o)

.debug_loc      0x0000000000000000     0x18b0
 .debug_loc     0x0000000000000000       0xff CMakeFiles/Template.elf.dir/Core/Src/system_stm32f10x.c.obj
 .debug_loc     0x00000000000000ff      0x16b CMakeFiles/Template.elf.dir/STM32F10x_FWLib/Src/misc.c.obj
 .debug_loc     0x000000000000026a      0x62c CMakeFiles/Template.elf.dir/STM32F10x_FWLib/Src/stm32f10x_gpio.c.obj
 .debug_loc     0x0000000000000896      0x654 CMakeFiles/Template.elf.dir/STM32F10x_FWLib/Src/stm32f10x_rcc.c.obj
 .debug_loc     0x0000000000000eea      0x80c CMakeFiles/Template.elf.dir/STM32F10x_FWLib/Src/stm32f10x_usart.c.obj
 .debug_loc     0x00000000000016f6       0x74 CMakeFiles/Template.elf.dir/SYSTEM/Src/delay.c.obj
 .debug_loc     0x000000000000176a      0x146 CMakeFiles/Template.elf.dir/SYSTEM/Src/usart.c.obj
