Archive member included to satisfy reference by file (symbol)

/opt/homebrew/Cellar/arm-none-eabi-gcc/10.3-2021.07/gcc/bin/../lib/gcc/arm-none-eabi/10.3.1/thumb/v7-m/nofp/libgcc.a(_arm_muldf3.o)
                              CMakeFiles/Template.elf.dir/HARDWARE/Src/lcd.c.obj (__aeabi_dmul)
/opt/homebrew/Cellar/arm-none-eabi-gcc/10.3-2021.07/gcc/bin/../lib/gcc/arm-none-eabi/10.3.1/thumb/v7-m/nofp/libgcc.a(_arm_addsubdf3.o)
                              CMakeFiles/Template.elf.dir/HARDWARE/Src/lcd.c.obj (__aeabi_i2d)
/opt/homebrew/Cellar/arm-none-eabi-gcc/10.3-2021.07/gcc/bin/../lib/gcc/arm-none-eabi/10.3.1/thumb/v7-m/nofp/libgcc.a(_arm_fixunsdfsi.o)
                              CMakeFiles/Template.elf.dir/HARDWARE/Src/lcd.c.obj (__aeabi_d2uiz)
/opt/homebrew/Cellar/arm-none-eabi-gcc/10.3-2021.07/gcc/bin/../lib/gcc/arm-none-eabi/10.3.1/../../../../arm-none-eabi/lib/thumb/v7-m/nofp/libg.a(lib_a-exit.o)
                              /opt/homebrew/Cellar/arm-none-eabi-gcc/10.3-2021.07/gcc/bin/../lib/gcc/arm-none-eabi/10.3.1/../../../../arm-none-eabi/lib/thumb/v7-m/nofp/crt0.o (exit)
/opt/homebrew/Cellar/arm-none-eabi-gcc/10.3-2021.07/gcc/bin/../lib/gcc/arm-none-eabi/10.3.1/../../../../arm-none-eabi/lib/thumb/v7-m/nofp/libg.a(lib_a-impure.o)
                              /opt/homebrew/Cellar/arm-none-eabi-gcc/10.3-2021.07/gcc/bin/../lib/gcc/arm-none-eabi/10.3.1/../../../../arm-none-eabi/lib/thumb/v7-m/nofp/libg.a(lib_a-exit.o) (_global_impure_ptr)
/opt/homebrew/Cellar/arm-none-eabi-gcc/10.3-2021.07/gcc/bin/../lib/gcc/arm-none-eabi/10.3.1/../../../../arm-none-eabi/lib/thumb/v7-m/nofp/libg.a(lib_a-init.o)
                              /opt/homebrew/Cellar/arm-none-eabi-gcc/10.3-2021.07/gcc/bin/../lib/gcc/arm-none-eabi/10.3.1/../../../../arm-none-eabi/lib/thumb/v7-m/nofp/crt0.o (__libc_init_array)
/opt/homebrew/Cellar/arm-none-eabi-gcc/10.3-2021.07/gcc/bin/../lib/gcc/arm-none-eabi/10.3.1/../../../../arm-none-eabi/lib/thumb/v7-m/nofp/libg.a(lib_a-memset.o)
                              /opt/homebrew/Cellar/arm-none-eabi-gcc/10.3-2021.07/gcc/bin/../lib/gcc/arm-none-eabi/10.3.1/../../../../arm-none-eabi/lib/thumb/v7-m/nofp/crt0.o (memset)
/opt/homebrew/Cellar/arm-none-eabi-gcc/10.3-2021.07/gcc/bin/../lib/gcc/arm-none-eabi/10.3.1/../../../../arm-none-eabi/lib/thumb/v7-m/nofp/libg.a(lib_a-printf.o)
                              CMakeFiles/Template.elf.dir/HARDWARE/Src/lcd.c.obj (printf)
/opt/homebrew/Cellar/arm-none-eabi-gcc/10.3-2021.07/gcc/bin/../lib/gcc/arm-none-eabi/10.3.1/../../../../arm-none-eabi/lib/thumb/v7-m/nofp/libg.a(lib_a-sprintf.o)
                              CMakeFiles/Template.elf.dir/Core/Src/main.c.obj (sprintf)
/opt/homebrew/Cellar/arm-none-eabi-gcc/10.3-2021.07/gcc/bin/../lib/gcc/arm-none-eabi/10.3.1/../../../../arm-none-eabi/lib/thumb/v7-m/nofp/libg.a(lib_a-svfprintf.o)
                              /opt/homebrew/Cellar/arm-none-eabi-gcc/10.3-2021.07/gcc/bin/../lib/gcc/arm-none-eabi/10.3.1/../../../../arm-none-eabi/lib/thumb/v7-m/nofp/libg.a(lib_a-sprintf.o) (_svfprintf_r)
/opt/homebrew/Cellar/arm-none-eabi-gcc/10.3-2021.07/gcc/bin/../lib/gcc/arm-none-eabi/10.3.1/../../../../arm-none-eabi/lib/thumb/v7-m/nofp/libg.a(lib_a-vfprintf.o)
                              /opt/homebrew/Cellar/arm-none-eabi-gcc/10.3-2021.07/gcc/bin/../lib/gcc/arm-none-eabi/10.3.1/../../../../arm-none-eabi/lib/thumb/v7-m/nofp/libg.a(lib_a-printf.o) (_vfprintf_r)
/opt/homebrew/Cellar/arm-none-eabi-gcc/10.3-2021.07/gcc/bin/../lib/gcc/arm-none-eabi/10.3.1/../../../../arm-none-eabi/lib/thumb/v7-m/nofp/libg.a(lib_a-wsetup.o)
                              /opt/homebrew/Cellar/arm-none-eabi-gcc/10.3-2021.07/gcc/bin/../lib/gcc/arm-none-eabi/10.3.1/../../../../arm-none-eabi/lib/thumb/v7-m/nofp/libg.a(lib_a-vfprintf.o) (__swsetup_r)
/opt/homebrew/Cellar/arm-none-eabi-gcc/10.3-2021.07/gcc/bin/../lib/gcc/arm-none-eabi/10.3.1/../../../../arm-none-eabi/lib/thumb/v7-m/nofp/libg.a(lib_a-__call_atexit.o)
                              /opt/homebrew/Cellar/arm-none-eabi-gcc/10.3-2021.07/gcc/bin/../lib/gcc/arm-none-eabi/10.3.1/../../../../arm-none-eabi/lib/thumb/v7-m/nofp/libg.a(lib_a-exit.o) (__call_exitprocs)
/opt/homebrew/Cellar/arm-none-eabi-gcc/10.3-2021.07/gcc/bin/../lib/gcc/arm-none-eabi/10.3.1/../../../../arm-none-eabi/lib/thumb/v7-m/nofp/libg.a(lib_a-atexit.o)
                              /opt/homebrew/Cellar/arm-none-eabi-gcc/10.3-2021.07/gcc/bin/../lib/gcc/arm-none-eabi/10.3.1/../../../../arm-none-eabi/lib/thumb/v7-m/nofp/libg.a(lib_a-__call_atexit.o) (atexit)
/opt/homebrew/Cellar/arm-none-eabi-gcc/10.3-2021.07/gcc/bin/../lib/gcc/arm-none-eabi/10.3.1/../../../../arm-none-eabi/lib/thumb/v7-m/nofp/libg.a(lib_a-dtoa.o)
                              /opt/homebrew/Cellar/arm-none-eabi-gcc/10.3-2021.07/gcc/bin/../lib/gcc/arm-none-eabi/10.3.1/../../../../arm-none-eabi/lib/thumb/v7-m/nofp/libg.a(lib_a-svfprintf.o) (_dtoa_r)
[...]
Memory Configuration

Name             Origin             Length             Attributes
RAM              0x0000000020000000 0x000000000000c000 xrw
FLASH            0x0000000008000000 0x0000000000040000 xr
*default*        0x0000000000000000 0xffffffffffffffff

Linker script and memory map

LOAD /opt/homebrew/Cellar/arm-none-eabi-gcc/10.3-2021.07/gcc/bin/../lib/gcc/arm-none-eabi/10.3.1/thumb/v7-m/nofp/crti.o
LOAD /opt/homebrew/Cellar/arm-none-eabi-gcc/10.3-2021.07/gcc/bin/../lib/gcc/arm-none-eabi/10.3.1/thumb/v7-m/nofp/crtbegin.o
LOAD /opt/homebrew/Cellar/arm-none-eabi-gcc/10.3-2021.07/gcc/bin/../lib/gcc/arm-none-eabi/10.3.1/../../../../arm-none-eabi/lib/thumb/v7-m/nofp/crt0.o
LOAD CMakeFiles/Template.elf.dir/Core/Src/core_cm3.c.obj
LOAD CMakeFiles/Template.elf.dir/Core/Src/main.c.obj
LOAD CMakeFiles/Template.elf.dir/Core/Src/stm32f10x_it.c.obj
LOAD CMakeFiles/Template.elf.dir/Core/Src/system_stm32f10x.c.obj
LOAD CMakeFiles/Template.elf.dir/HARDWARE/Src/lcd.c.obj
LOAD CMakeFiles/Template.elf.dir/HARDWARE/Src/led.c.obj
LOAD CMakeFiles/Template.elf.dir/STM32F10x_FWLib/Src/misc.c.obj
LOAD CMakeFiles/Template.elf.dir/STM32F10x_FWLib/Src/stm32f10x_adc.c.obj
LOAD CMakeFiles/Template.elf.dir/STM32F10x_FWLib/Src/stm32f10x_bkp.c.obj
LOAD CMakeFiles/Template.elf.dir/STM32F10x_FWLib/Src/stm32f10x_can.c.obj
LOAD CMakeFiles/Template.elf.dir/STM32F10x_FWLib/Src/stm32f10x_cec.c.obj
LOAD CMakeFiles/Template.elf.dir/STM32F10x_FWLib/Src/stm32f10x_crc.c.obj
LOAD CMakeFiles/Template.elf.dir/STM32F10x_FWLib/Src/stm32f10x_dac.c.obj
LOAD CMakeFiles/Template.elf.dir/STM32F10x_FWLib/Src/stm32f10x_dbgmcu.c.obj
LOAD CMakeFiles/Template.elf.dir/STM32F10x_FWLib/Src/stm32f10x_dma.c.obj
LOAD CMakeFiles/Template.elf.dir/STM32F10x_FWLib/Src/stm32f10x_exti.c.obj
LOAD CMakeFiles/Template.elf.dir/STM32F10x_FWLib/Src/stm32f10x_flash.c.obj
LOAD CMakeFiles/Template.elf.dir/STM32F10x_FWLib/Src/stm32f10x_fsmc.c.obj
LOAD CMakeFiles/Template.elf.dir/STM32F10x_FWLib/Src/stm32f10x_gpio.c.obj
LOAD CMakeFiles/Template.elf.dir/STM32F10x_FWLib/Src/stm32f10x_i2c.c.obj
LOAD CMakeFiles/Template.elf.dir/STM32F10x_FWLib/Src/stm32f10x_iwdg.c.obj
LOAD CMakeFiles/Template.elf.dir/STM32F10x_FWLib/Src/stm32f10x_pwr.c.obj
LOAD CMakeFiles/Template.elf.dir/STM32F10x_FWLib/Src/stm32f10x_rcc.c.obj
LOAD CMakeFiles/Template.elf.dir/STM32F10x_FWLib/Src/stm32f10x_rtc.c.obj
LOAD CMakeFiles/Template.elf.dir/STM32F10x_FWLib/Src/stm32f10x_sdio.c.obj
LOAD CMakeFiles/Template.elf.dir/STM32F10x_FWLib/Src/stm32f10x_spi.c.obj
LOAD CMakeFiles/Template.elf.dir/STM32F10x_FWLib/Src/stm32f10x_tim.c.obj
LOAD CMakeFiles/Template.elf.dir/STM32F10x_FWLib/Src/stm32f10x_usart.c.obj
LOAD CMakeFiles/Template.elf.dir/STM32F10x_FWLib/Src/stm32f10x_wwdg.c.obj
LOAD CMakeFiles/Template.elf.dir/SYSTEM/Src/delay.c.obj
LOAD CMakeFiles/Template.elf.dir/SYSTEM/Src/sys.c.obj
LOAD CMakeFiles/Template.elf.dir/SYSTEM/Src/usart.c.obj
LOAD CMakeFiles/Template.elf.dir/startup/startup_stm32f103rctx.s.obj
START GROUP
LOAD /opt/homebrew/Cellar/arm-none-eabi-gcc/10.3-2021.07/gcc/bin/../lib/gcc/arm-none-eabi/10.3.1/thumb/v7-m/nofp/libgcc.a
LOAD /opt/homebrew/Cellar/arm-none-eabi-gcc/10.3-2021.07/gcc/bin/../lib/gcc/arm-none-eabi/10.3.1/../../../../arm-none-eabi/lib/thumb/v7-m/nofp/libg.a
LOAD /opt/homebrew/Cellar/arm-none-eabi-gcc/10.3-2021.07/gcc/bin/../lib/gcc/arm-none-eabi/10.3.1/../../../../arm-none-eabi/lib/thumb/v7-m/nofp/libc.a
END GROUP
LOAD /opt/homebrew/Cellar/arm-none-eabi-gcc/10.3-2021.07/gcc/bin/../lib/gcc/arm-none-eabi/10.3.1/thumb/v7-m/nofp/crtend.o
LOAD /opt/homebrew/Cellar/arm-none-eabi-gcc/10.3-2021.07/gcc/bin/../lib/gcc/arm-none-eabi/10.3.1/thumb/v7-m/nofp/crtn.o
                0x000000002000c000                _estack = (ORIGIN (RAM) + LENGTH (RAM))
                0x0000000000000200                _Min_Heap_Size = 0x200
                0x0000000000000400                _Min_Stack_Size = 0x400

.isr_vector     0x0000000008000000      0x1e4
                0x0000000008000000                . = ALIGN (0x4)
 *(.isr_vector)
 .isr_vector    0x0000000008000000      0x1e4 CMakeFiles/Template.elf.dir/startup/startup_stm32f103rctx.s.obj
                0x0000000008000000                g_pfnVectors
                0x00000000080001e4                . = ALIGN (0x4)

.text           0x00000000080001e8     0xc5ac
                0x00000000080001e8                . = ALIGN (0x4)
 *(.text)
 .text          0x00000000080001e8       0x40 /opt/homebrew/Cellar/arm-none-eabi-gcc/10.3-2021.07/gcc/bin/../lib/gcc/arm-none-eabi/10.3.1/thumb/v7-m/nofp/crtbegin.o
 .text          0x0000000008000228      0x378 /opt/homebrew/Cellar/arm-none-eabi-gcc/10.3-2021.07/gcc/bin/../lib/gcc/arm-none-eabi/10.3.1/thumb/v7-m/nofp/libgcc.a(_arm_addsubdf3.o)
                0x0000000008000228                __aeabi_drsub
                0x0000000008000230                __subdf3
                0x0000000008000230                __aeabi_dsub
                0x0000000008000234                __aeabi_dadd
                0x0000000008000234                __adddf3
                0x00000000080004ac                __aeabi_ui2d
                0x00000000080004ac                __floatunsidf
                0x00000000080004cc                __floatsidf
                0x00000000080004cc                __aeabi_i2d
                0x00000000080004f0                __extendsfdf2
                0x00000000080004f0                __aeabi_f2d
                0x0000000008000534                __aeabi_ul2d
                0x0000000008000534                __floatundidf
                0x0000000008000544                __aeabi_l2d
                0x0000000008000544                __floatdidf
 .text          0x00000000080005a0       0x40 /opt/homebrew/Cellar/arm-none-eabi-gcc/10.3-2021.07/gcc/bin/../lib/gcc/arm-none-eabi/10.3.1/thumb/v7-m/nofp/libgcc.a(_arm_fixunsdfsi.o)
                0x00000000080005a0                __fixunsdfsi
                0x00000000080005a0                __aeabi_d2uiz
 .text          0x00000000080005e0       0xec /opt/homebrew/Cellar/arm-none-eabi-gcc/10.3-2021.07/gcc/bin/../lib/gcc/arm-none-eabi/10.3.1/../../../../arm-none-eabi/lib/thumb/v7-m/nofp/libg.a(lib_a-memcpy.o)
                0x00000000080005e0                memcpy
 .text          0x00000000080006cc      0x424 /opt/homebrew/Cellar/arm-none-eabi-gcc/10.3-2021.07/gcc/bin/../lib/gcc/arm-none-eabi/10.3.1/thumb/v7-m/nofp/libgcc.a(_arm_muldivdf3.o)
                0x00000000080006cc                __aeabi_dmul
                0x00000000080006cc                __muldf3
                0x0000000008000920                __aeabi_ddiv
                0x0000000008000920                __divdf3
 .text          0x0000000008000af0      0x110 /opt/homebrew/Cellar/arm-none-eabi-gcc/10.3-2021.07/gcc/bin/../lib/gcc/arm-none-eabi/10.3.1/thumb/v7-m/nofp/libgcc.a(_arm_cmpdf2.o)
                0x0000000008000af0                __gedf2
                0x0000000008000af0                __gtdf2
                0x0000000008000af8                __ledf2
                0x0000000008000af8                __ltdf2
                0x0000000008000b00                __cmpdf2
                0x0000000008000b00                __eqdf2
                0x0000000008000b00                __nedf2
                0x0000000008000b7c                __aeabi_cdrcmple
                0x0000000008000b8c                __aeabi_cdcmple
                0x0000000008000b8c                __aeabi_cdcmpeq
                0x0000000008000b9c                __aeabi_dcmpeq
                0x0000000008000bb0                __aeabi_dcmplt
                0x0000000008000bc4                __aeabi_dcmple
                0x0000000008000bd8                __aeabi_dcmpge
                0x0000000008000bec                __aeabi_dcmpgt
 .text          0x0000000008000c00       0x2c /opt/homebrew/Cellar/arm-none-eabi-gcc/10.3-2021.07/gcc/bin/../lib/gcc/arm-none-eabi/10.3.1/thumb/v7-m/nofp/libgcc.a(_arm_unorddf2.o)
                0x0000000008000c00                __aeabi_dcmpun
                0x0000000008000c00                __unorddf2
 .text          0x0000000008000c2c       0x50 /opt/homebrew/Cellar/arm-none-eabi-gcc/10.3-2021.07/gcc/bin/../lib/gcc/arm-none-eabi/10.3.1/thumb/v7-m/nofp/libgcc.a(_arm_fixdfsi.o)
                0x0000000008000c2c                __fixdfsi
                0x0000000008000c2c                __aeabi_d2iz
 .text          0x0000000008000c7c       0x30 /opt/homebrew/Cellar/arm-none-eabi-gcc/10.3-2021.07/gcc/bin/../lib/gcc/arm-none-eabi/10.3.1/thumb/v7-m/nofp/libgcc.a(_aeabi_uldivmod.o)
                0x0000000008000c7c                __aeabi_uldivmod
 .text          0x0000000008000cac      0x2d4 /opt/homebrew/Cellar/arm-none-eabi-gcc/10.3-2021.07/gcc/bin/../lib/gcc/arm-none-eabi/10.3.1/thumb/v7-m/nofp/libgcc.a(_udivmoddi4.o)
                0x0000000008000cac                __udivmoddi4
 .text          0x0000000008000f80        0x4 /opt/homebrew/Cellar/arm-none-eabi-gcc/10.3-2021.07/gcc/bin/../lib/gcc/arm-none-eabi/10.3.1/thumb/v7-m/nofp/libgcc.a(_dvmd_tls.o)
                0x0000000008000f80                __aeabi_ldiv0
                0x0000000008000f80                __aeabi_idiv0
 *(.text*)
 .text.main     0x0000000008000f84      0x184 CMakeFiles/Template.elf.dir/Core/Src/main.c.obj
                0x0000000008000f84                main
 .text.NMI_Handler
                0x0000000008001108        0x2 CMakeFiles/Template.elf.dir/Core/Src/stm32f10x_it.c.obj
                0x0000000008001108                NMI_Handler
 .text.HardFault_Handler
                0x000000000800110a        0x2 CMakeFiles/Template.elf.dir/Core/Src/stm32f10x_it.c.obj
                0x000000000800110a                HardFault_Handler
 .text.MemManage_Handler
                0x000000000800110c        0x2 CMakeFiles/Template.elf.dir/Core/Src/stm32f10x_it.c.obj
                0x000000000800110c                MemManage_Handler
 .text.BusFault_Handler
                0x000000000800110e        0x2 CMakeFiles/Template.elf.dir/Core/Src/stm32f10x_it.c.obj
                0x000000000800110e                BusFault_Handler
 .text.UsageFault_Handler
                0x0000000008001110        0x2 CMakeFiles/Template.elf.dir/Core/Src/stm32f10x_it.c.obj
                0x0000000008001110                UsageFault_Handler
 .text.SVC_Handler
                0x0000000008001112        0x2 CMakeFiles/Template.elf.dir/Core/Src/stm32f10x_it.c.obj
                0x0000000008001112                SVC_Handler
 .text.DebugMon_Handler
                0x0000000008001114        0x2 CMakeFiles/Template.elf.dir/Core/Src/stm32f10x_it.c.obj
                0x0000000008001114                DebugMon_Handler
 .text.PendSV_Handler
                0x0000000008001116        0x2 CMakeFiles/Template.elf.dir/Core/Src/stm32f10x_it.c.obj
                0x0000000008001116                PendSV_Handler
 .text.SysTick_Handler
                0x0000000008001118        0x2 CMakeFiles/Template.elf.dir/Core/Src/stm32f10x_it.c.obj
                0x0000000008001118                SysTick_Handler
 *fill*         0x000000000800111a        0x2 
 .text.SetSysClockTo72
                0x000000000800111c       0xc4 CMakeFiles/Template.elf.dir/Core/Src/system_stm32f10x.c.obj
 .text.SetSysClock
                0x00000000080011e0        0x8 CMakeFiles/Template.elf.dir/Core/Src/system_stm32f10x.c.obj
 .text.SystemInit
                0x00000000080011e8       0x50 CMakeFiles/Template.elf.dir/Core/Src/system_stm32f10x.c.obj
                0x00000000080011e8                SystemInit
 .text.LCD_WR_REG
                0x0000000008001238       0x24 CMakeFiles/Template.elf.dir/HARDWARE/Src/lcd.c.obj
                0x0000000008001238                LCD_WR_REG
 .text.LCD_WR_DATAX
                0x000000000800125c       0x24 CMakeFiles/Template.elf.dir/HARDWARE/Src/lcd.c.obj
                0x000000000800125c                LCD_WR_DATAX
 .text.LCD_RD_DATA
                0x0000000008001280       0x48 CMakeFiles/Template.elf.dir/HARDWARE/Src/lcd.c.obj
                0x0000000008001280                LCD_RD_DATA
 .text.LCD_WriteReg
                0x00000000080012c8       0x2c CMakeFiles/Template.elf.dir/HARDWARE/Src/lcd.c.obj
                0x00000000080012c8                LCD_WriteReg
 .text.LCD_WriteRAM_Prepare
                0x00000000080012f4       0x10 CMakeFiles/Template.elf.dir/HARDWARE/Src/lcd.c.obj
                0x00000000080012f4                LCD_WriteRAM_Prepare
 .text.LCD_SetCursor
                0x0000000008001304      0x250 CMakeFiles/Template.elf.dir/HARDWARE/Src/lcd.c.obj
                0x0000000008001304                LCD_SetCursor
 .text.LCD_Scan_Dir
                0x0000000008001554      0x2c0 CMakeFiles/Template.elf.dir/HARDWARE/Src/lcd.c.obj
                0x0000000008001554                LCD_Scan_Dir
 .text.LCD_Fast_DrawPoint
                0x0000000008001814      0x25c CMakeFiles/Template.elf.dir/HARDWARE/Src/lcd.c.obj
                0x0000000008001814                LCD_Fast_DrawPoint
 .text.LCD_SSD_BackLightSet
                0x0000000008001a70       0xa0 CMakeFiles/Template.elf.dir/HARDWARE/Src/lcd.c.obj
                0x0000000008001a70                LCD_SSD_BackLightSet
 .text.LCD_Display_Dir
                0x0000000008001b10      0x118 CMakeFiles/Template.elf.dir/HARDWARE/Src/lcd.c.obj
                0x0000000008001b10                LCD_Display_Dir
 .text.LCD_Clear
                0x0000000008001c28       0x4c CMakeFiles/Template.elf.dir/HARDWARE/Src/lcd.c.obj
                0x0000000008001c28                LCD_Clear
 .text.LCD_Init
                0x0000000008001c74     0x2710 CMakeFiles/Template.elf.dir/HARDWARE/Src/lcd.c.obj
                0x0000000008001c74                LCD_Init
 .text.LCD_ShowChar
                0x0000000008004384       0xf8 CMakeFiles/Template.elf.dir/HARDWARE/Src/lcd.c.obj
                0x0000000008004384                LCD_ShowChar
 .text.LCD_ShowString
                0x000000000800447c       0x5a CMakeFiles/Template.elf.dir/HARDWARE/Src/lcd.c.obj
                0x000000000800447c                LCD_ShowString
 *fill*         0x00000000080044d6        0x2 
 .text.LED_Init
                0x00000000080044d8       0x58 CMakeFiles/Template.elf.dir/HARDWARE/Src/led.c.obj
                0x00000000080044d8                LED_Init
 .text.NVIC_Init
                0x0000000008004530       0x64 CMakeFiles/Template.elf.dir/STM32F10x_FWLib/Src/misc.c.obj
                0x0000000008004530                NVIC_Init
 .text.SysTick_CLKSourceConfig
                0x0000000008004594       0x20 CMakeFiles/Template.elf.dir/STM32F10x_FWLib/Src/misc.c.obj
                0x0000000008004594                SysTick_CLKSourceConfig
 .text.GPIO_Init
                0x00000000080045b4       0xb2 CMakeFiles/Template.elf.dir/STM32F10x_FWLib/Src/stm32f10x_gpio.c.obj
                0x00000000080045b4                GPIO_Init
 .text.GPIO_SetBits
                0x0000000008004666        0x4 CMakeFiles/Template.elf.dir/STM32F10x_FWLib/Src/stm32f10x_gpio.c.obj
                0x0000000008004666                GPIO_SetBits
 *fill*         0x000000000800466a        0x2 
 .text.GPIO_PinRemapConfig
                0x000000000800466c       0x7c CMakeFiles/Template.elf.dir/STM32F10x_FWLib/Src/stm32f10x_gpio.c.obj
                0x000000000800466c                GPIO_PinRemapConfig
 .text.RCC_GetClocksFreq
                0x00000000080046e8       0xbc CMakeFiles/Template.elf.dir/STM32F10x_FWLib/Src/stm32f10x_rcc.c.obj
                0x00000000080046e8                RCC_GetClocksFreq
 .text.RCC_APB2PeriphClockCmd
                0x00000000080047a4       0x1c CMakeFiles/Template.elf.dir/STM32F10x_FWLib/Src/stm32f10x_rcc.c.obj
                0x00000000080047a4                RCC_APB2PeriphClockCmd
 .text.USART_Init
                0x00000000080047c0       0xc4 CMakeFiles/Template.elf.dir/STM32F10x_FWLib/Src/stm32f10x_usart.c.obj
                0x00000000080047c0                USART_Init
 .text.USART_Cmd
                0x0000000008004884       0x1c CMakeFiles/Template.elf.dir/STM32F10x_FWLib/Src/stm32f10x_usart.c.obj
                0x0000000008004884                USART_Cmd
 .text.USART_ITConfig
                0x00000000080048a0       0x36 CMakeFiles/Template.elf.dir/STM32F10x_FWLib/Src/stm32f10x_usart.c.obj
                0x00000000080048a0                USART_ITConfig
 .text.USART_ReceiveData
                0x00000000080048d6        0x8 CMakeFiles/Template.elf.dir/STM32F10x_FWLib/Src/stm32f10x_usart.c.obj
                0x00000000080048d6                USART_ReceiveData
 .text.USART_GetITStatus
                0x00000000080048de       0x4a CMakeFiles/Template.elf.dir/STM32F10x_FWLib/Src/stm32f10x_usart.c.obj
                0x00000000080048de                USART_GetITStatus
 .text.delay_init
                0x0000000008004928       0x3c CMakeFiles/Template.elf.dir/SYSTEM/Src/delay.c.obj
                0x0000000008004928                delay_init
 .text.delay_us
                0x0000000008004964       0x40 CMakeFiles/Template.elf.dir/SYSTEM/Src/delay.c.obj
                0x0000000008004964                delay_us
 .text.delay_ms
                0x00000000080049a4       0x40 CMakeFiles/Template.elf.dir/SYSTEM/Src/delay.c.obj
                0x00000000080049a4                delay_ms
 .text.uart_init
                0x00000000080049e4       0xa4 CMakeFiles/Template.elf.dir/SYSTEM/Src/usart.c.obj
                0x00000000080049e4                uart_init
 .text.USART1_IRQHandler
                0x0000000008004a88       0x7c CMakeFiles/Template.elf.dir/SYSTEM/Src/usart.c.obj
                0x0000000008004a88                USART1_IRQHandler
 .text.Reset_Handler
                0x0000000008004b04       0x48 CMakeFiles/Template.elf.dir/startup/startup_stm32f103rctx.s.obj
                0x0000000008004b04                Reset_Handler
 .text.Default_Handler
                0x0000000008004b4c        0x2 CMakeFiles/Template.elf.dir/startup/startup_stm32f103rctx.s.obj
                0x0000000008004b4c                DMA2_Channel3_IRQHandler
                0x0000000008004b4c                EXTI2_IRQHandler
                0x0000000008004b4c                TIM8_TRG_COM_IRQHandler
                0x0000000008004b4c                TIM8_CC_IRQHandler
                0x0000000008004b4c                TIM1_CC_IRQHandler
                0x0000000008004b4c                TIM6_IRQHandler
                0x0000000008004b4c                PVD_IRQHandler
                0x0000000008004b4c                SDIO_IRQHandler
                0x0000000008004b4c                EXTI3_IRQHandler
                0x0000000008004b4c                EXTI0_IRQHandler
                0x0000000008004b4c                I2C2_EV_IRQHandler
                0x0000000008004b4c                ADC1_2_IRQHandler
                0x0000000008004b4c                SPI1_IRQHandler
                0x0000000008004b4c                TAMPER_IRQHandler
                0x0000000008004b4c                TIM8_UP_IRQHandler
                0x0000000008004b4c                DMA2_Channel2_IRQHandler
                0x0000000008004b4c                DMA1_Channel4_IRQHandler
                0x0000000008004b4c                USART3_IRQHandler
                0x0000000008004b4c                RTC_IRQHandler
                0x0000000008004b4c                DMA1_Channel7_IRQHandler
                0x0000000008004b4c                CAN1_RX1_IRQHandler
                0x0000000008004b4c                UART5_IRQHandler
                0x0000000008004b4c                ADC3_IRQHandler
                0x0000000008004b4c                TIM4_IRQHandler
                0x0000000008004b4c                DMA2_Channel1_IRQHandler
                0x0000000008004b4c                I2C1_EV_IRQHandler
                0x0000000008004b4c                DMA1_Channel6_IRQHandler
                0x0000000008004b4c                UART4_IRQHandler
                0x0000000008004b4c                TIM3_IRQHandler
                0x0000000008004b4c                RCC_IRQHandler
                0x0000000008004b4c                TIM1_TRG_COM_IRQHandler
                0x0000000008004b4c                DMA1_Channel1_IRQHandler
                0x0000000008004b4c                Default_Handler
                0x0000000008004b4c                EXTI15_10_IRQHandler
                0x0000000008004b4c                TIM7_IRQHandler
                0x0000000008004b4c                TIM5_IRQHandler
                0x0000000008004b4c                EXTI9_5_IRQHandler
                0x0000000008004b4c                SPI2_IRQHandler
                0x0000000008004b4c                DMA1_Channel5_IRQHandler
                0x0000000008004b4c                EXTI4_IRQHandler
                0x0000000008004b4c                USB_LP_CAN1_RX0_IRQHandler
                0x0000000008004b4c                USB_HP_CAN1_TX_IRQHandler
                0x0000000008004b4c                DMA1_Channel3_IRQHandler
                0x0000000008004b4c                FSMC_IRQHandler
                0x0000000008004b4c                TIM1_UP_IRQHandler
                0x0000000008004b4c                WWDG_IRQHandler
                0x0000000008004b4c                TIM2_IRQHandler
                0x0000000008004b4c                TIM1_BRK_IRQHandler
                0x0000000008004b4c                EXTI1_IRQHandler
                0x0000000008004b4c                DMA2_Channel4_5_IRQHandler
                0x0000000008004b4c                USART2_IRQHandler
                0x0000000008004b4c                I2C2_ER_IRQHandler
                0x0000000008004b4c                DMA1_Channel2_IRQHandler
                0x0000000008004b4c                TIM8_BRK_IRQHandler
                0x0000000008004b4c                CAN1_SCE_IRQHandler
                0x0000000008004b4c                FLASH_IRQHandler
                0x0000000008004b4c                SPI3_IRQHandler
                0x0000000008004b4c                I2C1_ER_IRQHandler
                0x0000000008004b4c                USBWakeUp_IRQHandler
                0x0000000008004b4c                RTC_Alarm_IRQHandler
 *fill*         0x0000000008004b4e        0x2 
 .text.__libc_init_array
                0x0000000008004b50       0x48 /opt/homebrew/Cellar/arm-none-eabi-gcc/10.3-2021.07/gcc/bin/../lib/gcc/arm-none-eabi/10.3.1/../../../../arm-none-eabi/lib/thumb/v7-m/nofp/libg.a(lib_a-init.o)
                0x0000000008004b50                __libc_init_array
 .text.memset   0x0000000008004b98       0xa4 /opt/homebrew/Cellar/arm-none-eabi-gcc/10.3-2021.07/gcc/bin/../lib/gcc/arm-none-eabi/10.3.1/../../../../arm-none-eabi/lib/thumb/v7-m/nofp/libg.a(lib_a-memset.o)
                0x0000000008004b98                memset
 .text.printf   0x0000000008004c3c       0x28 /opt/homebrew/Cellar/arm-none-eabi-gcc/10.3-2021.07/gcc/bin/../lib/gcc/arm-none-eabi/10.3.1/../../../../arm-none-eabi/lib/thumb/v7-m/nofp/libg.a(lib_a-printf.o)
                0x0000000008004c3c                printf
 .text.sprintf  0x0000000008004c64       0x44 /opt/homebrew/Cellar/arm-none-eabi-gcc/10.3-2021.07/gcc/bin/../lib/gcc/arm-none-eabi/10.3.1/../../../../arm-none-eabi/lib/thumb/v7-m/nofp/libg.a(lib_a-sprintf.o)
                0x0000000008004c64                sprintf
 .text._svfprintf_r
                0x0000000008004ca8     0x1aa4 /opt/homebrew/Cellar/arm-none-eabi-gcc/10.3-2021.07/gcc/bin/../lib/gcc/arm-none-eabi/10.3.1/../../../../arm-none-eabi/lib/thumb/v7-m/nofp/libg.a(lib_a-svfprintf.o)
                0x0000000008004ca8                _svfprintf_r
 .text._vfprintf_r
                0x000000000800674c     0x1b58 /opt/homebrew/Cellar/arm-none-eabi-gcc/10.3-2021.07/gcc/bin/../lib/gcc/arm-none-eabi/10.3.1/../../../../arm-none-eabi/lib/thumb/v7-m/nofp/libg.a(lib_a-vfprintf.o)
                0x000000000800674c                _vfprintf_r
 .text.__sbprintf
                0x00000000080082a4       0x84 /opt/homebrew/Cellar/arm-none-eabi-gcc/10.3-2021.07/gcc/bin/../lib/gcc/arm-none-eabi/10.3.1/../../../../arm-none-eabi/lib/thumb/v7-m/nofp/libg.a(lib_a-vfprintf.o)
 .text.__swsetup_r
                0x0000000008008328       0xd4 /opt/homebrew/Cellar/arm-none-eabi-gcc/10.3-2021.07/gcc/bin/../lib/gcc/arm-none-eabi/10.3.1/../../../../arm-none-eabi/lib/thumb/v7-m/nofp/libg.a(lib_a-wsetup.o)
                0x0000000008008328                __swsetup_r
 .text.startup.register_fini
                0x00000000080083fc       0x14 /opt/homebrew/Cellar/arm-none-eabi-gcc/10.3-2021.07/gcc/bin/../lib/gcc/arm-none-eabi/10.3.1/../../../../arm-none-eabi/lib/thumb/v7-m/nofp/libg.a(lib_a-__call_atexit.o)
 .text.atexit   0x0000000008008410        0xc /opt/homebrew/Cellar/arm-none-eabi-gcc/10.3-2021.07/gcc/bin/../lib/gcc/arm-none-eabi/10.3.1/../../../../arm-none-eabi/lib/thumb/v7-m/nofp/libg.a(lib_a-atexit.o)
                0x0000000008008410                atexit
 .text.quorem   0x000000000800841c      0x12c /opt/homebrew/Cellar/arm-none-eabi-gcc/10.3-2021.07/gcc/bin/../lib/gcc/arm-none-eabi/10.3.1/../../../../arm-none-eabi/lib/thumb/v7-m/nofp/libg.a(lib_a-dtoa.o)
 .text._dtoa_r  0x0000000008008548      0xecc /opt/homebrew/Cellar/arm-none-eabi-gcc/10.3-2021.07/gcc/bin/../lib/gcc/arm-none-eabi/10.3.1/../../../../arm-none-eabi/lib/thumb/v7-m/nofp/libg.a(lib_a-dtoa.o)
                0x0000000008008548                _dtoa_r
 .text.__sflush_r
                0x0000000008009414      0x124 /opt/homebrew/Cellar/arm-none-eabi-gcc/10.3-2021.07/gcc/bin/../lib/gcc/arm-none-eabi/10.3.1/../../../../arm-none-eabi/lib/thumb/v7-m/nofp/libg.a(lib_a-fflush.o)
                0x0000000008009414                __sflush_r
 .text._fflush_r
                0x0000000008009538       0x5c /opt/homebrew/Cellar/arm-none-eabi-gcc/10.3-2021.07/gcc/bin/../lib/gcc/arm-none-eabi/10.3.1/../../../../arm-none-eabi/lib/thumb/v7-m/nofp/libg.a(lib_a-fflush.o)
                0x0000000008009538                _fflush_r
 .text._cleanup_r
                0x0000000008009594        0xc /opt/homebrew/Cellar/arm-none-eabi-gcc/10.3-2021.07/gcc/bin/../lib/gcc/arm-none-eabi/10.3.1/../../../../arm-none-eabi/lib/thumb/v7-m/nofp/libg.a(lib_a-findfp.o)
                0x0000000008009594                _cleanup_r
 .text.__sinit  0x00000000080095a0      0x10c /opt/homebrew/Cellar/arm-none-eabi-gcc/10.3-2021.07/gcc/bin/../lib/gcc/arm-none-eabi/10.3.1/../../../../arm-none-eabi/lib/thumb/v7-m/nofp/libg.a(lib_a-findfp.o)
                0x00000000080095a0                __sinit
 .text.__sfp_lock_acquire
                0x00000000080096ac        0xc /opt/homebrew/Cellar/arm-none-eabi-gcc/10.3-2021.07/gcc/bin/../lib/gcc/arm-none-eabi/10.3.1/../../../../arm-none-eabi/lib/thumb/v7-m/nofp/libg.a(lib_a-findfp.o)
                0x00000000080096ac                __sfp_lock_acquire
 .text.__sfp_lock_release
                0x00000000080096b8        0xc /opt/homebrew/Cellar/arm-none-eabi-gcc/10.3-2021.07/gcc/bin/../lib/gcc/arm-none-eabi/10.3.1/../../../../arm-none-eabi/lib/thumb/v7-m/nofp/libg.a(lib_a-findfp.o)
                0x00000000080096b8                __sfp_lock_release
 .text.__libc_fini_array
                0x00000000080096c4       0x2c /opt/homebrew/Cellar/arm-none-eabi-gcc/10.3-2021.07/gcc/bin/../lib/gcc/arm-none-eabi/10.3.1/../../../../arm-none-eabi/lib/thumb/v7-m/nofp/libg.a(lib_a-fini.o)
                0x00000000080096c4                __libc_fini_array
 .text._malloc_trim_r
                0x00000000080096f0       0xa0 /opt/homebrew/Cellar/arm-none-eabi-gcc/10.3-2021.07/gcc/bin/../lib/gcc/arm-none-eabi/10.3.1/../../../../arm-none-eabi/lib/thumb/v7-m/nofp/libg.a(lib_a-freer.o)
                0x00000000080096f0                _malloc_trim_r
 .text._free_r  0x0000000008009790      0x200 /opt/homebrew/Cellar/arm-none-eabi-gcc/10.3-2021.07/gcc/bin/../lib/gcc/arm-none-eabi/10.3.1/../../../../arm-none-eabi/lib/thumb/v7-m/nofp/libg.a(lib_a-freer.o)
                0x0000000008009790                _free_r
 .text._fwalk_reent
                0x0000000008009990       0x48 /opt/homebrew/Cellar/arm-none-eabi-gcc/10.3-2021.07/gcc/bin/../lib/gcc/arm-none-eabi/10.3.1/../../../../arm-none-eabi/lib/thumb/v7-m/nofp/libg.a(lib_a-fwalk.o)
                0x0000000008009990                _fwalk_reent
 .text._localeconv_r
                0x00000000080099d8        0x8 /opt/homebrew/Cellar/arm-none-eabi-gcc/10.3-2021.07/gcc/bin/../lib/gcc/arm-none-eabi/10.3.1/../../../../arm-none-eabi/lib/thumb/v7-m/nofp/libg.a(lib_a-localeconv.o)
                0x00000000080099d8                _localeconv_r
 .text.__retarget_lock_init_recursive
                0x00000000080099e0        0x4 /opt/homebrew/Cellar/arm-none-eabi-gcc/10.3-2021.07/gcc/bin/../lib/gcc/arm-none-eabi/10.3.1/../../../../arm-none-eabi/lib/thumb/v7-m/nofp/libg.a(lib_a-lock.o)
                0x00000000080099e0                __retarget_lock_init_recursive
 .text.__retarget_lock_close_recursive
                0x00000000080099e4        0x4 /opt/homebrew/Cellar/arm-none-eabi-gcc/10.3-2021.07/gcc/bin/../lib/gcc/arm-none-eabi/10.3.1/../../../../arm-none-eabi/lib/thumb/v7-m/nofp/libg.a(lib_a-lock.o)
                0x00000000080099e4                __retarget_lock_close_recursive
 .text.__retarget_lock_acquire_recursive
                0x00000000080099e8        0x4 /opt/homebrew/Cellar/arm-none-eabi-gcc/10.3-2021.07/gcc/bin/../lib/gcc/arm-none-eabi/10.3.1/../../../../arm-none-eabi/lib/thumb/v7-m/nofp/libg.a(lib_a-lock.o)
                0x00000000080099e8                __retarget_lock_acquire_recursive
 .text.__retarget_lock_release_recursive
                0x00000000080099ec        0x4 /opt/homebrew/Cellar/arm-none-eabi-gcc/10.3-2021.07/gcc/bin/../lib/gcc/arm-none-eabi/10.3.1/../../../../arm-none-eabi/lib/thumb/v7-m/nofp/libg.a(lib_a-lock.o)
                0x00000000080099ec                __retarget_lock_release_recursive
 .text.__smakebuf_r
                0x00000000080099f0       0xe0 /opt/homebrew/Cellar/arm-none-eabi-gcc/10.3-2021.07/gcc/bin/../lib/gcc/arm-none-eabi/10.3.1/../../../../arm-none-eabi/lib/thumb/v7-m/nofp/libg.a(lib_a-makebuf.o)
                0x00000000080099f0                __smakebuf_r
 .text._malloc_r
                0x0000000008009ad0      0x558 /opt/homebrew/Cellar/arm-none-eabi-gcc/10.3-2021.07/gcc/bin/../lib/gcc/arm-none-eabi/10.3.1/../../../../arm-none-eabi/lib/thumb/v7-m/nofp/libg.a(lib_a-mallocr.o)
                0x0000000008009ad0                _malloc_r
 .text.memchr   0x000000000800a028       0x90 /opt/homebrew/Cellar/arm-none-eabi-gcc/10.3-2021.07/gcc/bin/../lib/gcc/arm-none-eabi/10.3.1/../../../../arm-none-eabi/lib/thumb/v7-m/nofp/libg.a(lib_a-memchr-stub.o)
                0x000000000800a028                memchr
 .text.__malloc_lock
                0x000000000800a0b8        0xc /opt/homebrew/Cellar/arm-none-eabi-gcc/10.3-2021.07/gcc/bin/../lib/gcc/arm-none-eabi/10.3.1/../../../../arm-none-eabi/lib/thumb/v7-m/nofp/libg.a(lib_a-mlock.o)
                0x000000000800a0b8                __malloc_lock
 .text.__malloc_unlock
                0x000000000800a0c4        0xc /opt/homebrew/Cellar/arm-none-eabi-gcc/10.3-2021.07/gcc/bin/../lib/gcc/arm-none-eabi/10.3.1/../../../../arm-none-eabi/lib/thumb/v7-m/nofp/libg.a(lib_a-mlock.o)
                0x000000000800a0c4                __malloc_unlock
 .text._Balloc  0x000000000800a0d0       0x4c /opt/homebrew/Cellar/arm-none-eabi-gcc/10.3-2021.07/gcc/bin/../lib/gcc/arm-none-eabi/10.3.1/../../../../arm-none-eabi/lib/thumb/v7-m/nofp/libg.a(lib_a-mprec.o)
                0x000000000800a0d0                _Balloc
 .text._Bfree   0x000000000800a11c       0x14 /opt/homebrew/Cellar/arm-none-eabi-gcc/10.3-2021.07/gcc/bin/../lib/gcc/arm-none-eabi/10.3.1/../../../../arm-none-eabi/lib/thumb/v7-m/nofp/libg.a(lib_a-mprec.o)
                0x000000000800a11c                _Bfree
 .text.__multadd
                0x000000000800a130       0xa4 /opt/homebrew/Cellar/arm-none-eabi-gcc/10.3-2021.07/gcc/bin/../lib/gcc/arm-none-eabi/10.3.1/../../../../arm-none-eabi/lib/thumb/v7-m/nofp/libg.a(lib_a-mprec.o)
                0x000000000800a130                __multadd
 .text.__hi0bits
                0x000000000800a1d4       0x40 /opt/homebrew/Cellar/arm-none-eabi-gcc/10.3-2021.07/gcc/bin/../lib/gcc/arm-none-eabi/10.3.1/../../../../arm-none-eabi/lib/thumb/v7-m/nofp/libg.a(lib_a-mprec.o)
                0x000000000800a1d4                __hi0bits
 .text.__lo0bits
                0x000000000800a214       0x58 /opt/homebrew/Cellar/arm-none-eabi-gcc/10.3-2021.07/gcc/bin/../lib/gcc/arm-none-eabi/10.3.1/../../../../arm-none-eabi/lib/thumb/v7-m/nofp/libg.a(lib_a-mprec.o)
                0x000000000800a214                __lo0bits
 .text.__i2b    0x000000000800a26c       0x5c /opt/homebrew/Cellar/arm-none-eabi-gcc/10.3-2021.07/gcc/bin/../lib/gcc/arm-none-eabi/10.3.1/../../../../arm-none-eabi/lib/thumb/v7-m/nofp/libg.a(lib_a-mprec.o)
                0x000000000800a26c                __i2b
 .text.__multiply
                0x000000000800a2c8      0x15c /opt/homebrew/Cellar/arm-none-eabi-gcc/10.3-2021.07/gcc/bin/../lib/gcc/arm-none-eabi/10.3.1/../../../../arm-none-eabi/lib/thumb/v7-m/nofp/libg.a(lib_a-mprec.o)
                0x000000000800a2c8                __multiply
 .text.__pow5mult
                0x000000000800a424       0xb8 /opt/homebrew/Cellar/arm-none-eabi-gcc/10.3-2021.07/gcc/bin/../lib/gcc/arm-none-eabi/10.3.1/../../../../arm-none-eabi/lib/thumb/v7-m/nofp/libg.a(lib_a-mprec.o)
                0x000000000800a424                __pow5mult
 .text.__lshift
                0x000000000800a4dc       0xec /opt/homebrew/Cellar/arm-none-eabi-gcc/10.3-2021.07/gcc/bin/../lib/gcc/arm-none-eabi/10.3.1/../../../../arm-none-eabi/lib/thumb/v7-m/nofp/libg.a(lib_a-mprec.o)
                0x000000000800a4dc                __lshift
 .text.__mcmp   0x000000000800a5c8       0x40 /opt/homebrew/Cellar/arm-none-eabi-gcc/10.3-2021.07/gcc/bin/../lib/gcc/arm-none-eabi/10.3.1/../../../../arm-none-eabi/lib/thumb/v7-m/nofp/libg.a(lib_a-mprec.o)
                0x000000000800a5c8                __mcmp
 .text.__mdiff  0x000000000800a608      0x14c /opt/homebrew/Cellar/arm-none-eabi-gcc/10.3-2021.07/gcc/bin/../lib/gcc/arm-none-eabi/10.3.1/../../../../arm-none-eabi/lib/thumb/v7-m/nofp/libg.a(lib_a-mprec.o)
                0x000000000800a608                __mdiff
 .text.__d2b    0x000000000800a754       0xc4 /opt/homebrew/Cellar/arm-none-eabi-gcc/10.3-2021.07/gcc/bin/../lib/gcc/arm-none-eabi/10.3.1/../../../../arm-none-eabi/lib/thumb/v7-m/nofp/libg.a(lib_a-mprec.o)
                0x000000000800a754                __d2b
 .text.frexp    0x000000000800a818       0x70 /opt/homebrew/Cellar/arm-none-eabi-gcc/10.3-2021.07/gcc/bin/../lib/gcc/arm-none-eabi/10.3.1/../../../../arm-none-eabi/lib/thumb/v7-m/nofp/libg.a(lib_a-s_frexp.o)
                0x000000000800a818                frexp
 .text._sbrk_r  0x000000000800a888       0x24 /opt/homebrew/Cellar/arm-none-eabi-gcc/10.3-2021.07/gcc/bin/../lib/gcc/arm-none-eabi/10.3.1/../../../../arm-none-eabi/lib/thumb/v7-m/nofp/libg.a(lib_a-sbrkr.o)
                0x000000000800a888                _sbrk_r
 .text.__sread  0x000000000800a8ac       0x24 /opt/homebrew/Cellar/arm-none-eabi-gcc/10.3-2021.07/gcc/bin/../lib/gcc/arm-none-eabi/10.3.1/../../../../arm-none-eabi/lib/thumb/v7-m/nofp/libg.a(lib_a-stdio.o)
                0x000000000800a8ac                __sread
 .text.__swrite
                0x000000000800a8d0       0x40 /opt/homebrew/Cellar/arm-none-eabi-gcc/10.3-2021.07/gcc/bin/../lib/gcc/arm-none-eabi/10.3.1/../../../../arm-none-eabi/lib/thumb/v7-m/nofp/libg.a(lib_a-stdio.o)
                0x000000000800a8d0                __swrite
 .text.__sseek  0x000000000800a910       0x20 /opt/homebrew/Cellar/arm-none-eabi-gcc/10.3-2021.07/gcc/bin/../lib/gcc/arm-none-eabi/10.3.1/../../../../arm-none-eabi/lib/thumb/v7-m/nofp/libg.a(lib_a-stdio.o)
                0x000000000800a910                __sseek
 .text.__sclose
                0x000000000800a930        0x8 /opt/homebrew/Cellar/arm-none-eabi-gcc/10.3-2021.07/gcc/bin/../lib/gcc/arm-none-eabi/10.3.1/../../../../arm-none-eabi/lib/thumb/v7-m/nofp/libg.a(lib_a-stdio.o)
                0x000000000800a930                __sclose
 .text.strlen   0x000000000800a938       0x5c /opt/homebrew/Cellar/arm-none-eabi-gcc/10.3-2021.07/gcc/bin/../lib/gcc/arm-none-eabi/10.3.1/../../../../arm-none-eabi/lib/thumb/v7-m/nofp/libg.a(lib_a-strlen-stub.o)
                0x000000000800a938                strlen
 .text.strncpy  0x000000000800a994       0x68 /opt/homebrew/Cellar/arm-none-eabi-gcc/10.3-2021.07/gcc/bin/../lib/gcc/arm-none-eabi/10.3.1/../../../../arm-none-eabi/lib/thumb/v7-m/nofp/libg.a(lib_a-strncpy.o)
                0x000000000800a994                strncpy
 .text.__ssprint_r
                0x000000000800a9fc       0xfc /opt/homebrew/Cellar/arm-none-eabi-gcc/10.3-2021.07/gcc/bin/../lib/gcc/arm-none-eabi/10.3.1/../../../../arm-none-eabi/lib/thumb/v7-m/nofp/libg.a(lib_a-svfiprintf.o)
                0x000000000800a9fc                __ssprint_r
 .text.__sprint_r.part.0
                0x000000000800aaf8       0x78 /opt/homebrew/Cellar/arm-none-eabi-gcc/10.3-2021.07/gcc/bin/../lib/gcc/arm-none-eabi/10.3.1/../../../../arm-none-eabi/lib/thumb/v7-m/nofp/libg.a(lib_a-vfiprintf.o)
 .text.__sprint_r
                0x000000000800ab70       0x14 /opt/homebrew/Cellar/arm-none-eabi-gcc/10.3-2021.07/gcc/bin/../lib/gcc/arm-none-eabi/10.3.1/../../../../arm-none-eabi/lib/thumb/v7-m/nofp/libg.a(lib_a-vfiprintf.o)
                0x000000000800ab70                __sprint_r
 .text._vfiprintf_r
                0x000000000800ab84      0xd98 /opt/homebrew/Cellar/arm-none-eabi-gcc/10.3-2021.07/gcc/bin/../lib/gcc/arm-none-eabi/10.3.1/../../../../arm-none-eabi/lib/thumb/v7-m/nofp/libg.a(lib_a-vfiprintf.o)
                0x000000000800ab84                _vfiprintf_r
 .text.__sbprintf
                0x000000000800b91c       0x84 /opt/homebrew/Cellar/arm-none-eabi-gcc/10.3-2021.07/gcc/bin/../lib/gcc/arm-none-eabi/10.3.1/../../../../arm-none-eabi/lib/thumb/v7-m/nofp/libg.a(lib_a-vfiprintf.o)
 .text._write_r
                0x000000000800b9a0       0x2c /opt/homebrew/Cellar/arm-none-eabi-gcc/10.3-2021.07/gcc/bin/../lib/gcc/arm-none-eabi/10.3.1/../../../../arm-none-eabi/lib/thumb/v7-m/nofp/libg.a(lib_a-writer.o)
                0x000000000800b9a0                _write_r
 .text.__register_exitproc
                0x000000000800b9cc       0x8c /opt/homebrew/Cellar/arm-none-eabi-gcc/10.3-2021.07/gcc/bin/../lib/gcc/arm-none-eabi/10.3.1/../../../../arm-none-eabi/lib/thumb/v7-m/nofp/libg.a(lib_a-__atexit.o)
                0x000000000800b9cc                __register_exitproc
 .text.__assert_func
                0x000000000800ba58       0x40 /opt/homebrew/Cellar/arm-none-eabi-gcc/10.3-2021.07/gcc/bin/../lib/gcc/arm-none-eabi/10.3.1/../../../../arm-none-eabi/lib/thumb/v7-m/nofp/libg.a(lib_a-assert.o)
                0x000000000800ba58                __assert_func
 .text._calloc_r
                0x000000000800ba98       0x78 /opt/homebrew/Cellar/arm-none-eabi-gcc/10.3-2021.07/gcc/bin/../lib/gcc/arm-none-eabi/10.3.1/../../../../arm-none-eabi/lib/thumb/v7-m/nofp/libg.a(lib_a-callocr.o)
                0x000000000800ba98                _calloc_r
 .text._close_r
                0x000000000800bb10       0x24 /opt/homebrew/Cellar/arm-none-eabi-gcc/10.3-2021.07/gcc/bin/../lib/gcc/arm-none-eabi/10.3.1/../../../../arm-none-eabi/lib/thumb/v7-m/nofp/libg.a(lib_a-closer.o)
                0x000000000800bb10                _close_r
 .text.__errno  0x000000000800bb34        0xc /opt/homebrew/Cellar/arm-none-eabi-gcc/10.3-2021.07/gcc/bin/../lib/gcc/arm-none-eabi/10.3.1/../../../../arm-none-eabi/lib/thumb/v7-m/nofp/libg.a(lib_a-errno.o)
                0x000000000800bb34                __errno
 .text._fclose_r
                0x000000000800bb40       0xcc /opt/homebrew/Cellar/arm-none-eabi-gcc/10.3-2021.07/gcc/bin/../lib/gcc/arm-none-eabi/10.3.1/../../../../arm-none-eabi/lib/thumb/v7-m/nofp/libg.a(lib_a-fclose.o)
                0x000000000800bb40                _fclose_r
 .text.fiprintf
                0x000000000800bc0c       0x28 /opt/homebrew/Cellar/arm-none-eabi-gcc/10.3-2021.07/gcc/bin/../lib/gcc/arm-none-eabi/10.3.1/../../../../arm-none-eabi/lib/thumb/v7-m/nofp/libg.a(lib_a-fiprintf.o)
                0x000000000800bc0c                fiprintf
 .text.__fputwc
                0x000000000800bc34       0xa0 /opt/homebrew/Cellar/arm-none-eabi-gcc/10.3-2021.07/gcc/bin/../lib/gcc/arm-none-eabi/10.3.1/../../../../arm-none-eabi/lib/thumb/v7-m/nofp/libg.a(lib_a-fputwc.o)
                0x000000000800bc34                __fputwc
 .text._fputwc_r
                0x000000000800bcd4       0x68 /opt/homebrew/Cellar/arm-none-eabi-gcc/10.3-2021.07/gcc/bin/../lib/gcc/arm-none-eabi/10.3.1/../../../../arm-none-eabi/lib/thumb/v7-m/nofp/libg.a(lib_a-fputwc.o)
                0x000000000800bcd4                _fputwc_r
 .text._fstat_r
                0x000000000800bd3c       0x28 /opt/homebrew/Cellar/arm-none-eabi-gcc/10.3-2021.07/gcc/bin/../lib/gcc/arm-none-eabi/10.3.1/../../../../arm-none-eabi/lib/thumb/v7-m/nofp/libg.a(lib_a-fstatr.o)
                0x000000000800bd3c                _fstat_r
 .text.__sfvwrite_r
                0x000000000800bd64      0x2f0 /opt/homebrew/Cellar/arm-none-eabi-gcc/10.3-2021.07/gcc/bin/../lib/gcc/arm-none-eabi/10.3.1/../../../../arm-none-eabi/lib/thumb/v7-m/nofp/libg.a(lib_a-fvwrite.o)
                0x000000000800bd64                __sfvwrite_r
 .text._isatty_r
                0x000000000800c054       0x24 /opt/homebrew/Cellar/arm-none-eabi-gcc/10.3-2021.07/gcc/bin/../lib/gcc/arm-none-eabi/10.3.1/../../../../arm-none-eabi/lib/thumb/v7-m/nofp/libg.a(lib_a-isattyr.o)
                0x000000000800c054                _isatty_r
 .text.__locale_mb_cur_max
                0x000000000800c078        0xc /opt/homebrew/Cellar/arm-none-eabi-gcc/10.3-2021.07/gcc/bin/../lib/gcc/arm-none-eabi/10.3.1/../../../../arm-none-eabi/lib/thumb/v7-m/nofp/libg.a(lib_a-locale.o)
                0x000000000800c078                __locale_mb_cur_max
 .text._lseek_r
                0x000000000800c084       0x2c /opt/homebrew/Cellar/arm-none-eabi-gcc/10.3-2021.07/gcc/bin/../lib/gcc/arm-none-eabi/10.3.1/../../../../arm-none-eabi/lib/thumb/v7-m/nofp/libg.a(lib_a-lseekr.o)
                0x000000000800c084                _lseek_r
 .text.__ascii_mbtowc
                0x000000000800c0b0       0x2c /opt/homebrew/Cellar/arm-none-eabi-gcc/10.3-2021.07/gcc/bin/../lib/gcc/arm-none-eabi/10.3.1/../../../../arm-none-eabi/lib/thumb/v7-m/nofp/libg.a(lib_a-mbtowc_r.o)
                0x000000000800c0b0                __ascii_mbtowc
 .text.memmove  0x000000000800c0dc       0xf8 /opt/homebrew/Cellar/arm-none-eabi-gcc/10.3-2021.07/gcc/bin/../lib/gcc/arm-none-eabi/10.3.1/../../../../arm-none-eabi/lib/thumb/v7-m/nofp/libg.a(lib_a-memmove.o)
                0x000000000800c0dc                memmove
 .text._read_r  0x000000000800c1d4       0x2c /opt/homebrew/Cellar/arm-none-eabi-gcc/10.3-2021.07/gcc/bin/../lib/gcc/arm-none-eabi/10.3.1/../../../../arm-none-eabi/lib/thumb/v7-m/nofp/libg.a(lib_a-readr.o)
                0x000000000800c1d4                _read_r
 .text._realloc_r
                0x000000000800c200      0x3dc /opt/homebrew/Cellar/arm-none-eabi-gcc/10.3-2021.07/gcc/bin/../lib/gcc/arm-none-eabi/10.3.1/../../../../arm-none-eabi/lib/thumb/v7-m/nofp/libg.a(lib_a-reallocr.o)
                0x000000000800c200                _realloc_r
 .text.__swbuf_r
                0x000000000800c5dc       0xb0 /opt/homebrew/Cellar/arm-none-eabi-gcc/10.3-2021.07/gcc/bin/../lib/gcc/arm-none-eabi/10.3.1/../../../../arm-none-eabi/lib/thumb/v7-m/nofp/libg.a(lib_a-wbuf.o)
                0x000000000800c5dc                __swbuf_r
 .text._wcrtomb_r
                0x000000000800c68c       0x3c /opt/homebrew/Cellar/arm-none-eabi-gcc/10.3-2021.07/gcc/bin/../lib/gcc/arm-none-eabi/10.3.1/../../../../arm-none-eabi/lib/thumb/v7-m/nofp/libg.a(lib_a-wcrtomb.o)
                0x000000000800c68c                _wcrtomb_r
 .text.__ascii_wctomb
                0x000000000800c6c8       0x1c /opt/homebrew/Cellar/arm-none-eabi-gcc/10.3-2021.07/gcc/bin/../lib/gcc/arm-none-eabi/10.3.1/../../../../arm-none-eabi/lib/thumb/v7-m/nofp/libg.a(lib_a-wctomb_r.o)
                0x000000000800c6c8                __ascii_wctomb
 .text.abort    0x000000000800c6e4       0x10 /opt/homebrew/Cellar/arm-none-eabi-gcc/10.3-2021.07/gcc/bin/../lib/gcc/arm-none-eabi/10.3.1/../../../../arm-none-eabi/lib/thumb/v7-m/nofp/libg.a(lib_a-abort.o)
                0x000000000800c6e4                abort
 .text.raise    0x000000000800c6f4       0x5c /opt/homebrew/Cellar/arm-none-eabi-gcc/10.3-2021.07/gcc/bin/../lib/gcc/arm-none-eabi/10.3.1/../../../../arm-none-eabi/lib/thumb/v7-m/nofp/libg.a(lib_a-signal.o)
                0x000000000800c6f4                raise
 .text._kill_r  0x000000000800c750       0x28 /opt/homebrew/Cellar/arm-none-eabi-gcc/10.3-2021.07/gcc/bin/../lib/gcc/arm-none-eabi/10.3.1/../../../../arm-none-eabi/lib/thumb/v7-m/nofp/libg.a(lib_a-signalr.o)
                0x000000000800c750                _kill_r
 .text._getpid_r
                0x000000000800c778        0x4 /opt/homebrew/Cellar/arm-none-eabi-gcc/10.3-2021.07/gcc/bin/../lib/gcc/arm-none-eabi/10.3.1/../../../../arm-none-eabi/lib/thumb/v7-m/nofp/libg.a(lib_a-signalr.o)
                0x000000000800c778                _getpid_r
 *(.glue_7)
 .glue_7        0x000000000800c77c        0x0 linker stubs
 *(.glue_7t)
 .glue_7t       0x000000000800c77c        0x0 linker stubs
 *(.eh_frame)
 .eh_frame      0x000000000800c77c        0x0 /opt/homebrew/Cellar/arm-none-eabi-gcc/10.3-2021.07/gcc/bin/../lib/gcc/arm-none-eabi/10.3.1/thumb/v7-m/nofp/crtbegin.o
 *(.init)
 .init          0x000000000800c77c        0x4 /opt/homebrew/Cellar/arm-none-eabi-gcc/10.3-2021.07/gcc/bin/../lib/gcc/arm-none-eabi/10.3.1/thumb/v7-m/nofp/crti.o
                0x000000000800c77c                _init
 .init          0x000000000800c780        0x8 /opt/homebrew/Cellar/arm-none-eabi-gcc/10.3-2021.07/gcc/bin/../lib/gcc/arm-none-eabi/10.3.1/thumb/v7-m/nofp/crtn.o
 *(.fini)
 .fini          0x000000000800c788        0x4 /opt/homebrew/Cellar/arm-none-eabi-gcc/10.3-2021.07/gcc/bin/../lib/gcc/arm-none-eabi/10.3.1/thumb/v7-m/nofp/crti.o
                0x000000000800c788                _fini
 .fini          0x000000000800c78c        0x8 /opt/homebrew/Cellar/arm-none-eabi-gcc/10.3-2021.07/gcc/bin/../lib/gcc/arm-none-eabi/10.3.1/thumb/v7-m/nofp/crtn.o
                0x000000000800c794                . = ALIGN (0x4)
                0x000000000800c794                _etext = .

.vfp11_veneer   0x000000000800c794        0x0
 .vfp11_veneer  0x000000000800c794        0x0 linker stubs

.v4_bx          0x000000000800c794        0x0
 .v4_bx         0x000000000800c794        0x0 linker stubs

.iplt           0x000000000800c794        0x0
 .iplt          0x000000000800c794        0x0 /opt/homebrew/Cellar/arm-none-eabi-gcc/10.3-2021.07/gcc/bin/../lib/gcc/arm-none-eabi/10.3.1/thumb/v7-m/nofp/crtbegin.o

.rodata         0x000000000800c798     0x1be8
                0x000000000800c798                . = ALIGN (0x4)
 *(.rodata)
 *(.rodata*)
 .rodata.main.str1.4
                0x000000000800c798       0x41 CMakeFiles/Template.elf.dir/Core/Src/main.c.obj
 *fill*         0x000000000800c7d9        0x3 
 .rodata.LCD_Init.str1.4
                0x000000000800c7dc        0xd CMakeFiles/Template.elf.dir/HARDWARE/Src/lcd.c.obj
 *fill*         0x000000000800c7e9        0x3 
 .rodata.asc2_1206
                0x000000000800c7ec      0x474 CMakeFiles/Template.elf.dir/HARDWARE/Src/lcd.c.obj
                0x000000000800c7ec                asc2_1206
 .rodata.asc2_1608
                0x000000000800cc60      0x5f0 CMakeFiles/Template.elf.dir/HARDWARE/Src/lcd.c.obj
                0x000000000800cc60                asc2_1608
 .rodata.asc2_2412
                0x000000000800d250      0xd5c CMakeFiles/Template.elf.dir/HARDWARE/Src/lcd.c.obj
                0x000000000800d250                asc2_2412
 .rodata._global_impure_ptr
                0x000000000800dfac        0x4 /opt/homebrew/Cellar/arm-none-eabi-gcc/10.3-2021.07/gcc/bin/../lib/gcc/arm-none-eabi/10.3.1/../../../../arm-none-eabi/lib/thumb/v7-m/nofp/libg.a(lib_a-impure.o)
                0x000000000800dfac                _global_impure_ptr
 .rodata._svfprintf_r.str1.4
                0x000000000800dfb0       0x42 /opt/homebrew/Cellar/arm-none-eabi-gcc/10.3-2021.07/gcc/bin/../lib/gcc/arm-none-eabi/10.3.1/../../../../arm-none-eabi/lib/thumb/v7-m/nofp/libg.a(lib_a-svfprintf.o)
 *fill*         0x000000000800dff2        0x2 
 .rodata.blanks.1
                0x000000000800dff4       0x10 /opt/homebrew/Cellar/arm-none-eabi-gcc/10.3-2021.07/gcc/bin/../lib/gcc/arm-none-eabi/10.3.1/../../../../arm-none-eabi/lib/thumb/v7-m/nofp/libg.a(lib_a-svfprintf.o)
 .rodata.zeroes.0
                0x000000000800e004       0x10 /opt/homebrew/Cellar/arm-none-eabi-gcc/10.3-2021.07/gcc/bin/../lib/gcc/arm-none-eabi/10.3.1/../../../../arm-none-eabi/lib/thumb/v7-m/nofp/libg.a(lib_a-svfprintf.o)
 .rodata._vfprintf_r.str1.4
                0x000000000800e014       0x42 /opt/homebrew/Cellar/arm-none-eabi-gcc/10.3-2021.07/gcc/bin/../lib/gcc/arm-none-eabi/10.3.1/../../../../arm-none-eabi/lib/thumb/v7-m/nofp/libg.a(lib_a-vfprintf.o)
 .rodata.blanks.1
                0x000000000800e014       0x10 /opt/homebrew/Cellar/arm-none-eabi-gcc/10.3-2021.07/gcc/bin/../lib/gcc/arm-none-eabi/10.3.1/../../../../arm-none-eabi/lib/thumb/v7-m/nofp/libg.a(lib_a-vfprintf.o)
 .rodata.zeroes.0
                0x000000000800e024       0x10 /opt/homebrew/Cellar/arm-none-eabi-gcc/10.3-2021.07/gcc/bin/../lib/gcc/arm-none-eabi/10.3.1/../../../../arm-none-eabi/lib/thumb/v7-m/nofp/libg.a(lib_a-vfprintf.o)
 .rodata._dtoa_r.str1.4
                0x000000000800e034       0x7e /opt/homebrew/Cellar/arm-none-eabi-gcc/10.3-2021.07/gcc/bin/../lib/gcc/arm-none-eabi/10.3.1/../../../../arm-none-eabi/lib/thumb/v7-m/nofp/libg.a(lib_a-dtoa.o)
                                         0x82 (size before relaxing)
 *fill*         0x000000000800e0b2        0x2 
 .rodata.__multadd.str1.4
                0x000000000800e0b4       0x5b /opt/homebrew/Cellar/arm-none-eabi-gcc/10.3-2021.07/gcc/bin/../lib/gcc/arm-none-eabi/10.3.1/../../../../arm-none-eabi/lib/thumb/v7-m/nofp/libg.a(lib_a-mprec.o)
                                         0x6f (size before relaxing)
 *fill*         0x000000000800e10f        0x1 
 .rodata.__mprec_bigtens
                0x000000000800e110       0x28 /opt/homebrew/Cellar/arm-none-eabi-gcc/10.3-2021.07/gcc/bin/../lib/gcc/arm-none-eabi/10.3.1/../../../../arm-none-eabi/lib/thumb/v7-m/nofp/libg.a(lib_a-mprec.o)
                0x000000000800e110                __mprec_bigtens
 .rodata.__mprec_tens
                0x000000000800e138       0xc8 /opt/homebrew/Cellar/arm-none-eabi-gcc/10.3-2021.07/gcc/bin/../lib/gcc/arm-none-eabi/10.3.1/../../../../arm-none-eabi/lib/thumb/v7-m/nofp/libg.a(lib_a-mprec.o)
                0x000000000800e138                __mprec_tens
 .rodata.p05.0  0x000000000800e200        0xc /opt/homebrew/Cellar/arm-none-eabi-gcc/10.3-2021.07/gcc/bin/../lib/gcc/arm-none-eabi/10.3.1/../../../../arm-none-eabi/lib/thumb/v7-m/nofp/libg.a(lib_a-mprec.o)
 .rodata._vfiprintf_r.str1.4
                0x000000000800e20c       0x2f /opt/homebrew/Cellar/arm-none-eabi-gcc/10.3-2021.07/gcc/bin/../lib/gcc/arm-none-eabi/10.3.1/../../../../arm-none-eabi/lib/thumb/v7-m/nofp/libg.a(lib_a-vfiprintf.o)
 .rodata.blanks.1
                0x000000000800e20c       0x10 /opt/homebrew/Cellar/arm-none-eabi-gcc/10.3-2021.07/gcc/bin/../lib/gcc/arm-none-eabi/10.3.1/../../../../arm-none-eabi/lib/thumb/v7-m/nofp/libg.a(lib_a-vfiprintf.o)
 .rodata.zeroes.0
                0x000000000800e21c       0x10 /opt/homebrew/Cellar/arm-none-eabi-gcc/10.3-2021.07/gcc/bin/../lib/gcc/arm-none-eabi/10.3.1/../../../../arm-none-eabi/lib/thumb/v7-m/nofp/libg.a(lib_a-vfiprintf.o)
 .rodata.__assert_func.str1.4
                0x000000000800e22c       0x3f /opt/homebrew/Cellar/arm-none-eabi-gcc/10.3-2021.07/gcc/bin/../lib/gcc/arm-none-eabi/10.3.1/../../../../arm-none-eabi/lib/thumb/v7-m/nofp/libg.a(lib_a-assert.o)
                                         0x43 (size before relaxing)
 *fill*         0x000000000800e26b        0x1 
 .rodata._setlocale_r.str1.4
                0x000000000800e26c        0xa /opt/homebrew/Cellar/arm-none-eabi-gcc/10.3-2021.07/gcc/bin/../lib/gcc/arm-none-eabi/10.3.1/../../../../arm-none-eabi/lib/thumb/v7-m/nofp/libg.a(lib_a-locale.o)
                                          0xd (size before relaxing)
 *fill*         0x000000000800e276        0x2 
 .rodata.str1.4
                0x000000000800e278        0x2 /opt/homebrew/Cellar/arm-none-eabi-gcc/10.3-2021.07/gcc/bin/../lib/gcc/arm-none-eabi/10.3.1/../../../../arm-none-eabi/lib/thumb/v7-m/nofp/libg.a(lib_a-locale.o)
 *fill*         0x000000000800e27a        0x2 
 .rodata._ctype_
                0x000000000800e27c      0x101 /opt/homebrew/Cellar/arm-none-eabi-gcc/10.3-2021.07/gcc/bin/../lib/gcc/arm-none-eabi/10.3.1/../../../../arm-none-eabi/lib/thumb/v7-m/nofp/libg.a(lib_a-ctype_.o)
                0x000000000800e27c                _ctype_
                0x000000000800e380                . = ALIGN (0x4)
 *fill*         0x000000000800e37d        0x3 

.ARM.extab      0x000000000800e380        0x0
                0x000000000800e380                . = ALIGN (0x4)
 *(.ARM.extab* .gnu.linkonce.armextab.*)
                0x000000000800e380                . = ALIGN (0x4)

.ARM            0x000000000800e380        0x8
                0x000000000800e380                . = ALIGN (0x4)
                0x000000000800e380                __exidx_start = .
 *(.ARM.exidx*)
 .ARM.exidx     0x000000000800e380        0x8 /opt/homebrew/Cellar/arm-none-eabi-gcc/10.3-2021.07/gcc/bin/../lib/gcc/arm-none-eabi/10.3.1/thumb/v7-m/nofp/libgcc.a(_udivmoddi4.o)
                0x000000000800e388                __exidx_end = .
                0x000000000800e388                . = ALIGN (0x4)

.rel.dyn        0x000000000800e388        0x0
 .rel.iplt      0x000000000800e388        0x0 /opt/homebrew/Cellar/arm-none-eabi-gcc/10.3-2021.07/gcc/bin/../lib/gcc/arm-none-eabi/10.3.1/thumb/v7-m/nofp/crtbegin.o

.preinit_array  0x000000000800e388        0x0
                0x000000000800e388                . = ALIGN (0x4)
                0x000000000800e388                PROVIDE (__preinit_array_start = .)
 *(.preinit_array*)
                0x000000000800e388                PROVIDE (__preinit_array_end = .)
                0x000000000800e388                . = ALIGN (0x4)

.init_array     0x000000000800e388        0x8
                0x000000000800e388                . = ALIGN (0x4)
                0x000000000800e388                PROVIDE (__init_array_start = .)
 *(SORT_BY_NAME(.init_array.*))
 .init_array.00000
                0x000000000800e388        0x4 /opt/homebrew/Cellar/arm-none-eabi-gcc/10.3-2021.07/gcc/bin/../lib/gcc/arm-none-eabi/10.3.1/../../../../arm-none-eabi/lib/thumb/v7-m/nofp/libg.a(lib_a-__call_atexit.o)
 *(.init_array*)
 .init_array    0x000000000800e38c        0x4 /opt/homebrew/Cellar/arm-none-eabi-gcc/10.3-2021.07/gcc/bin/../lib/gcc/arm-none-eabi/10.3.1/thumb/v7-m/nofp/crtbegin.o
                0x000000000800e390                PROVIDE (__init_array_end = .)
                0x000000000800e390                . = ALIGN (0x4)

.fini_array     0x000000000800e390        0x4
                0x000000000800e390                . = ALIGN (0x4)
                0x000000000800e390                PROVIDE (__fini_array_start = .)
 *(SORT_BY_NAME(.fini_array.*))
 *(.fini_array*)
 .fini_array    0x000000000800e390        0x4 /opt/homebrew/Cellar/arm-none-eabi-gcc/10.3-2021.07/gcc/bin/../lib/gcc/arm-none-eabi/10.3.1/thumb/v7-m/nofp/crtbegin.o
                0x000000000800e394                PROVIDE (__fini_array_end = .)
                0x000000000800e394                . = ALIGN (0x4)
                0x000000000800e394                _sidata = LOADADDR (.data)

.data           0x0000000020000000      0x9c8 load address 0x000000000800e394
                0x0000000020000000                . = ALIGN (0x4)
                0x0000000020000000                _sdata = .
 *(.data)
 *(.data*)
 .data.SystemCoreClock
                0x0000000020000000        0x4 CMakeFiles/Template.elf.dir/Core/Src/system_stm32f10x.c.obj
                0x0000000020000000                SystemCoreClock
 .data.BACK_COLOR
                0x0000000020000004        0x2 CMakeFiles/Template.elf.dir/HARDWARE/Src/lcd.c.obj
                0x0000000020000004                BACK_COLOR
 *fill*         0x0000000020000006        0x2 
 .data.ADCPrescTable
                0x0000000020000008        0x4 CMakeFiles/Template.elf.dir/STM32F10x_FWLib/Src/stm32f10x_rcc.c.obj
 .data.APBAHBPrescTable
                0x000000002000000c       0x10 CMakeFiles/Template.elf.dir/STM32F10x_FWLib/Src/stm32f10x_rcc.c.obj
 .data._impure_ptr
                0x000000002000001c        0x4 /opt/homebrew/Cellar/arm-none-eabi-gcc/10.3-2021.07/gcc/bin/../lib/gcc/arm-none-eabi/10.3.1/../../../../arm-none-eabi/lib/thumb/v7-m/nofp/libg.a(lib_a-impure.o)
                0x000000002000001c                _impure_ptr
 .data.impure_data
                0x0000000020000020      0x428 /opt/homebrew/Cellar/arm-none-eabi-gcc/10.3-2021.07/gcc/bin/../lib/gcc/arm-none-eabi/10.3.1/../../../../arm-none-eabi/lib/thumb/v7-m/nofp/libg.a(lib_a-impure.o)
 .data.__atexit_recursive_mutex
                0x0000000020000448        0x4 /opt/homebrew/Cellar/arm-none-eabi-gcc/10.3-2021.07/gcc/bin/../lib/gcc/arm-none-eabi/10.3.1/../../../../arm-none-eabi/lib/thumb/v7-m/nofp/libg.a(lib_a-__call_atexit.o)
                0x0000000020000448                __atexit_recursive_mutex
 .data.__malloc_av_
                0x000000002000044c      0x408 /opt/homebrew/Cellar/arm-none-eabi-gcc/10.3-2021.07/gcc/bin/../lib/gcc/arm-none-eabi/10.3.1/../../../../arm-none-eabi/lib/thumb/v7-m/nofp/libg.a(lib_a-mallocr.o)
                0x000000002000044c                __malloc_av_
 .data.__malloc_sbrk_base
                0x0000000020000854        0x4 /opt/homebrew/Cellar/arm-none-eabi-gcc/10.3-2021.07/gcc/bin/../lib/gcc/arm-none-eabi/10.3.1/../../../../arm-none-eabi/lib/thumb/v7-m/nofp/libg.a(lib_a-mallocr.o)
                0x0000000020000854                __malloc_sbrk_base
 .data.__malloc_trim_threshold
                0x0000000020000858        0x4 /opt/homebrew/Cellar/arm-none-eabi-gcc/10.3-2021.07/gcc/bin/../lib/gcc/arm-none-eabi/10.3.1/../../../../arm-none-eabi/lib/thumb/v7-m/nofp/libg.a(lib_a-mallocr.o)
                0x0000000020000858                __malloc_trim_threshold
 .data.__global_locale
                0x000000002000085c      0x16c /opt/homebrew/Cellar/arm-none-eabi-gcc/10.3-2021.07/gcc/bin/../lib/gcc/arm-none-eabi/10.3.1/../../../../arm-none-eabi/lib/thumb/v7-m/nofp/libg.a(lib_a-locale.o)
                0x000000002000085c                __global_locale
 *(.RamFunc)
 *(.RamFunc*)
                0x00000000200009c8                . = ALIGN (0x4)
                0x00000000200009c8                _edata = .

.igot.plt       0x00000000200009c8        0x0 load address 0x000000000800ed5c
 .igot.plt      0x00000000200009c8        0x0 /opt/homebrew/Cellar/arm-none-eabi-gcc/10.3-2021.07/gcc/bin/../lib/gcc/arm-none-eabi/10.3.1/thumb/v7-m/nofp/crtbegin.o
                0x00000000200009c8                . = ALIGN (0x4)

.bss            0x00000000200009c8      0x148 load address 0x000000000800ed5c
                0x00000000200009c8                _sbss = .
                0x00000000200009c8                __bss_start__ = _sbss
 *(.bss)
 .bss           0x00000000200009c8       0x1c /opt/homebrew/Cellar/arm-none-eabi-gcc/10.3-2021.07/gcc/bin/../lib/gcc/arm-none-eabi/10.3.1/thumb/v7-m/nofp/crtbegin.o
 *(.bss*)
 .bss.POINT_COLOR
                0x00000000200009e4        0x2 CMakeFiles/Template.elf.dir/HARDWARE/Src/lcd.c.obj
                0x00000000200009e4                POINT_COLOR
 *fill*         0x00000000200009e6        0x2 
 .bss.lcddev    0x00000000200009e8        0xe CMakeFiles/Template.elf.dir/HARDWARE/Src/lcd.c.obj
                0x00000000200009e8                lcddev
 .bss.fac_ms    0x00000000200009f6        0x2 CMakeFiles/Template.elf.dir/SYSTEM/Src/delay.c.obj
 .bss.fac_us    0x00000000200009f8        0x1 CMakeFiles/Template.elf.dir/SYSTEM/Src/delay.c.obj
 *fill*         0x00000000200009f9        0x3 
 .bss.USART_RX_BUF
                0x00000000200009fc       0xc8 CMakeFiles/Template.elf.dir/SYSTEM/Src/usart.c.obj
                0x00000000200009fc                USART_RX_BUF
 .bss.USART_RX_STA
                0x0000000020000ac4        0x2 CMakeFiles/Template.elf.dir/SYSTEM/Src/usart.c.obj
                0x0000000020000ac4                USART_RX_STA
 *fill*         0x0000000020000ac6        0x2 
 .bss.__lock___atexit_recursive_mutex
                0x0000000020000ac8        0x1 /opt/homebrew/Cellar/arm-none-eabi-gcc/10.3-2021.07/gcc/bin/../lib/gcc/arm-none-eabi/10.3.1/../../../../arm-none-eabi/lib/thumb/v7-m/nofp/libg.a(lib_a-lock.o)
                0x0000000020000ac8                __lock___atexit_recursive_mutex
 *fill*         0x0000000020000ac9        0x3 
 .bss.__lock___malloc_recursive_mutex
                0x0000000020000acc        0x1 /opt/homebrew/Cellar/arm-none-eabi-gcc/10.3-2021.07/gcc/bin/../lib/gcc/arm-none-eabi/10.3.1/../../../../arm-none-eabi/lib/thumb/v7-m/nofp/libg.a(lib_a-lock.o)
                0x0000000020000acc                __lock___malloc_recursive_mutex
 *fill*         0x0000000020000acd        0x3 
 .bss.__lock___sfp_recursive_mutex
                0x0000000020000ad0        0x1 /opt/homebrew/Cellar/arm-none-eabi-gcc/10.3-2021.07/gcc/bin/../lib/gcc/arm-none-eabi/10.3.1/../../../../arm-none-eabi/lib/thumb/v7-m/nofp/libg.a(lib_a-lock.o)
                0x0000000020000ad0                __lock___sfp_recursive_mutex
 *fill*         0x0000000020000ad1        0x3 
 .bss.__lock___sinit_recursive_mutex
                0x0000000020000ad4        0x1 /opt/homebrew/Cellar/arm-none-eabi-gcc/10.3-2021.07/gcc/bin/../lib/gcc/arm-none-eabi/10.3.1/../../../../arm-none-eabi/lib/thumb/v7-m/nofp/libg.a(lib_a-lock.o)
                0x0000000020000ad4                __lock___sinit_recursive_mutex
 *fill*         0x0000000020000ad5        0x3 
 .bss.__malloc_current_mallinfo
                0x0000000020000ad8       0x28 /opt/homebrew/Cellar/arm-none-eabi-gcc/10.3-2021.07/gcc/bin/../lib/gcc/arm-none-eabi/10.3.1/../../../../arm-none-eabi/lib/thumb/v7-m/nofp/libg.a(lib_a-mallocr.o)
                0x0000000020000ad8                __malloc_current_mallinfo
 .bss.__malloc_max_sbrked_mem
                0x0000000020000b00        0x4 /opt/homebrew/Cellar/arm-none-eabi-gcc/10.3-2021.07/gcc/bin/../lib/gcc/arm-none-eabi/10.3.1/../../../../arm-none-eabi/lib/thumb/v7-m/nofp/libg.a(lib_a-mallocr.o)
                0x0000000020000b00                __malloc_max_sbrked_mem
 .bss.__malloc_max_total_mem
                0x0000000020000b04        0x4 /opt/homebrew/Cellar/arm-none-eabi-gcc/10.3-2021.07/gcc/bin/../lib/gcc/arm-none-eabi/10.3.1/../../../../arm-none-eabi/lib/thumb/v7-m/nofp/libg.a(lib_a-mallocr.o)
                0x0000000020000b04                __malloc_max_total_mem
 .bss.__malloc_top_pad
                0x0000000020000b08        0x4 /opt/homebrew/Cellar/arm-none-eabi-gcc/10.3-2021.07/gcc/bin/../lib/gcc/arm-none-eabi/10.3.1/../../../../arm-none-eabi/lib/thumb/v7-m/nofp/libg.a(lib_a-mallocr.o)
                0x0000000020000b08                __malloc_top_pad
 .bss.errno     0x0000000020000b0c        0x4 /opt/homebrew/Cellar/arm-none-eabi-gcc/10.3-2021.07/gcc/bin/../lib/gcc/arm-none-eabi/10.3.1/../../../../arm-none-eabi/lib/thumb/v7-m/nofp/libg.a(lib_a-reent.o)
                0x0000000020000b0c                errno
 *(COMMON)
                0x0000000020000b10                . = ALIGN (0x4)
                0x0000000020000b10                _ebss = .
                0x0000000020000b10                __bss_end__ = _ebss

._user_heap_stack
                0x0000000020000b10      0x600 load address 0x000000000800ed5c
                0x0000000020000b10                . = ALIGN (0x8)
                [!provide]                        PROVIDE (end = .)
                [!provide]                        PROVIDE (_end = .)
                0x0000000020000d10                . = (. + _Min_Heap_Size)
 *fill*         0x0000000020000b10      0x200 
                0x0000000020001110                . = (. + _Min_Stack_Size)
 *fill*         0x0000000020000d10      0x400 
                0x0000000020001110                . = ALIGN (0x8)

/DISCARD/
 libc.a(*)
 libm.a(*)
 libgcc.a(*)

.ARM.attributes
                0x0000000000000000       0x29
 *(.ARM.attributes)
 .ARM.attributes
                0x0000000000000000       0x1d /opt/homebrew/Cellar/arm-none-eabi-gcc/10.3-2021.07/gcc/bin/../lib/gcc/arm-none-eabi/10.3.1/thumb/v7-m/nofp/crti.o
 .ARM.attributes
                0x000000000000001d       0x2d /opt/homebrew/Cellar/arm-none-eabi-gcc/10.3-2021.07/gcc/bin/../lib/gcc/arm-none-eabi/10.3.1/thumb/v7-m/nofp/crtbegin.o
 .ARM.attributes
                0x000000000000004a       0x2d CMakeFiles/Template.elf.dir/Core/Src/main.c.obj
 .ARM.attributes
                0x0000000000000077       0x2d CMakeFiles/Template.elf.dir/Core/Src/stm32f10x_it.c.obj
 .ARM.attributes
                0x00000000000000a4       0x2d CMakeFiles/Template.elf.dir/Core/Src/system_stm32f10x.c.obj
 .ARM.attributes
                0x00000000000000d1       0x2d CMakeFiles/Template.elf.dir/HARDWARE/Src/lcd.c.obj
 .ARM.attributes
                0x00000000000000fe       0x2d CMakeFiles/Template.elf.dir/HARDWARE/Src/led.c.obj
 .ARM.attributes
                0x000000000000012b       0x2d CMakeFiles/Template.elf.dir/STM32F10x_FWLib/Src/misc.c.obj
 .ARM.attributes
                0x0000000000000158       0x2d CMakeFiles/Template.elf.dir/STM32F10x_FWLib/Src/stm32f10x_gpio.c.obj
 .ARM.attributes
                0x0000000000000185       0x2d CMakeFiles/Template.elf.dir/STM32F10x_FWLib/Src/stm32f10x_rcc.c.obj
 .ARM.attributes
                0x00000000000001b2       0x2d CMakeFiles/Template.elf.dir/STM32F10x_FWLib/Src/stm32f10x_usart.c.obj
 .ARM.attributes
                0x00000000000001df       0x2d CMakeFiles/Template.elf.dir/SYSTEM/Src/delay.c.obj
 .ARM.attributes
                0x000000000000020c       0x2d CMakeFiles/Template.elf.dir/SYSTEM/Src/usart.c.obj
 .ARM.attributes
                0x0000000000000239       0x21 CMakeFiles/Template.elf.dir/startup/startup_stm32f103rctx.s.obj
 .ARM.attributes
                0x000000000000025a       0x1d /opt/homebrew/Cellar/arm-none-eabi-gcc/10.3-2021.07/gcc/bin/../lib/gcc/arm-none-eabi/10.3.1/thumb/v7-m/nofp/libgcc.a(_arm_addsubdf3.o)
 .ARM.attributes
                0x0000000000000277       0x1d /opt/homebrew/Cellar/arm-none-eabi-gcc/10.3-2021.07/gcc/bin/../lib/gcc/arm-none-eabi/10.3.1/thumb/v7-m/nofp/libgcc.a(_arm_fixunsdfsi.o)
 .ARM.attributes
                0x0000000000000294       0x2d /opt/homebrew/Cellar/arm-none-eabi-gcc/10.3-2021.07/gcc/bin/../lib/gcc/arm-none-eabi/10.3.1/../../../../arm-none-eabi/lib/thumb/v7-m/nofp/libg.a(lib_a-impure.o)
 .ARM.attributes
                0x00000000000002c1       0x2d /opt/homebrew/Cellar/arm-none-eabi-gcc/10.3-2021.07/gcc/bin/../lib/gcc/arm-none-eabi/10.3.1/../../../../arm-none-eabi/lib/thumb/v7-m/nofp/libg.a(lib_a-init.o)
 .ARM.attributes
                0x00000000000002ee       0x2d /opt/homebrew/Cellar/arm-none-eabi-gcc/10.3-2021.07/gcc/bin/../lib/gcc/arm-none-eabi/10.3.1/../../../../arm-none-eabi/lib/thumb/v7-m/nofp/libg.a(lib_a-memset.o)
 .ARM.attributes
                0x000000000000031b       0x2d /opt/homebrew/Cellar/arm-none-eabi-gcc/10.3-2021.07/gcc/bin/../lib/gcc/arm-none-eabi/10.3.1/../../../../arm-none-eabi/lib/thumb/v7-m/nofp/libg.a(lib_a-printf.o)
 .ARM.attributes
                0x0000000000000348       0x2d /opt/homebrew/Cellar/arm-none-eabi-gcc/10.3-2021.07/gcc/bin/../lib/gcc/arm-none-eabi/10.3.1/../../../../arm-none-eabi/lib/thumb/v7-m/nofp/libg.a(lib_a-sprintf.o)
 .ARM.attributes
                0x0000000000000375       0x2d /opt/homebrew/Cellar/arm-none-eabi-gcc/10.3-2021.07/gcc/bin/../lib/gcc/arm-none-eabi/10.3.1/../../../../arm-none-eabi/lib/thumb/v7-m/nofp/libg.a(lib_a-svfprintf.o)
 .ARM.attributes
                0x00000000000003a2       0x2d /opt/homebrew/Cellar/arm-none-eabi-gcc/10.3-2021.07/gcc/bin/../lib/gcc/arm-none-eabi/10.3.1/../../../../arm-none-eabi/lib/thumb/v7-m/nofp/libg.a(lib_a-vfprintf.o)
 .ARM.attributes
                0x00000000000003cf       0x2d /opt/homebrew/Cellar/arm-none-eabi-gcc/10.3-2021.07/gcc/bin/../lib/gcc/arm-none-eabi/10.3.1/../../../../arm-none-eabi/lib/thumb/v7-m/nofp/libg.a(lib_a-wsetup.o)
 .ARM.attributes
                0x00000000000003fc       0x2d /opt/homebrew/Cellar/arm-none-eabi-gcc/10.3-2021.07/gcc/bin/../lib/gcc/arm-none-eabi/10.3.1/../../../../arm-none-eabi/lib/thumb/v7-m/nofp/libg.a(lib_a-__call_atexit.o)
 .ARM.attributes
                0x0000000000000429       0x2d /opt/homebrew/Cellar/arm-none-eabi-gcc/10.3-2021.07/gcc/bin/../lib/gcc/arm-none-eabi/10.3.1/../../../../arm-none-eabi/lib/thumb/v7-m/nofp/libg.a(lib_a-atexit.o)
 .ARM.attributes
                0x0000000000000456       0x2d /opt/homebrew/Cellar/arm-none-eabi-gcc/10.3-2021.07/gcc/bin/../lib/gcc/arm-none-eabi/10.3.1/../../../../arm-none-eabi/lib/thumb/v7-m/nofp/libg.a(lib_a-dtoa.o)
 .ARM.attributes
                0x0000000000000483       0x2d /opt/homebrew/Cellar/arm-none-eabi-gcc/10.3-2021.07/gcc/bin/../lib/gcc/arm-none-eabi/10.3.1/../../../../arm-none-eabi/lib/thumb/v7-m/nofp/libg.a(lib_a-fflush.o)
 .ARM.attributes
                0x00000000000004b0       0x2d /opt/homebrew/Cellar/arm-none-eabi-gcc/10.3-2021.07/gcc/bin/../lib/gcc/arm-none-eabi/10.3.1/../../../../arm-none-eabi/lib/thumb/v7-m/nofp/libg.a(lib_a-findfp.o)
 .ARM.attributes
                0x00000000000004dd       0x2d /opt/homebrew/Cellar/arm-none-eabi-gcc/10.3-2021.07/gcc/bin/../lib/gcc/arm-none-eabi/10.3.1/../../../../arm-none-eabi/lib/thumb/v7-m/nofp/libg.a(lib_a-fini.o)
 .ARM.attributes
                0x000000000000050a       0x2d /opt/homebrew/Cellar/arm-none-eabi-gcc/10.3-2021.07/gcc/bin/../lib/gcc/arm-none-eabi/10.3.1/../../../../arm-none-eabi/lib/thumb/v7-m/nofp/libg.a(lib_a-freer.o)
 .ARM.attributes
                0x0000000000000537       0x2d /opt/homebrew/Cellar/arm-none-eabi-gcc/10.3-2021.07/gcc/bin/../lib/gcc/arm-none-eabi/10.3.1/../../../../arm-none-eabi/lib/thumb/v7-m/nofp/libg.a(lib_a-fwalk.o)
 .ARM.attributes
                0x0000000000000564       0x2d /opt/homebrew/Cellar/arm-none-eabi-gcc/10.3-2021.07/gcc/bin/../lib/gcc/arm-none-eabi/10.3.1/../../../../arm-none-eabi/lib/thumb/v7-m/nofp/libg.a(lib_a-localeconv.o)
 .ARM.attributes
                0x0000000000000591       0x2d /opt/homebrew/Cellar/arm-none-eabi-gcc/10.3-2021.07/gcc/bin/../lib/gcc/arm-none-eabi/10.3.1/../../../../arm-none-eabi/lib/thumb/v7-m/nofp/libg.a(lib_a-lock.o)
 .ARM.attributes
                0x00000000000005be       0x2d /opt/homebrew/Cellar/arm-none-eabi-gcc/10.3-2021.07/gcc/bin/../lib/gcc/arm-none-eabi/10.3.1/../../../../arm-none-eabi/lib/thumb/v7-m/nofp/libg.a(lib_a-makebuf.o)
 .ARM.attributes
                0x00000000000005eb       0x2d /opt/homebrew/Cellar/arm-none-eabi-gcc/10.3-2021.07/gcc/bin/../lib/gcc/arm-none-eabi/10.3.1/../../../../arm-none-eabi/lib/thumb/v7-m/nofp/libg.a(lib_a-mallocr.o)
 .ARM.attributes
                0x0000000000000618       0x2d /opt/homebrew/Cellar/arm-none-eabi-gcc/10.3-2021.07/gcc/bin/../lib/gcc/arm-none-eabi/10.3.1/../../../../arm-none-eabi/lib/thumb/v7-m/nofp/libg.a(lib_a-memchr-stub.o)
 .ARM.attributes
                0x0000000000000645       0x1b /opt/homebrew/Cellar/arm-none-eabi-gcc/10.3-2021.07/gcc/bin/../lib/gcc/arm-none-eabi/10.3.1/../../../../arm-none-eabi/lib/thumb/v7-m/nofp/libg.a(lib_a-memcpy.o)
 .ARM.attributes
                0x0000000000000660       0x2d /opt/homebrew/Cellar/arm-none-eabi-gcc/10.3-2021.07/gcc/bin/../lib/gcc/arm-none-eabi/10.3.1/../../../../arm-none-eabi/lib/thumb/v7-m/nofp/libg.a(lib_a-mlock.o)
 .ARM.attributes
                0x000000000000068d       0x2d /opt/homebrew/Cellar/arm-none-eabi-gcc/10.3-2021.07/gcc/bin/../lib/gcc/arm-none-eabi/10.3.1/../../../../arm-none-eabi/lib/thumb/v7-m/nofp/libg.a(lib_a-mprec.o)
 .ARM.attributes
                0x00000000000006ba       0x2d /opt/homebrew/Cellar/arm-none-eabi-gcc/10.3-2021.07/gcc/bin/../lib/gcc/arm-none-eabi/10.3.1/../../../../arm-none-eabi/lib/thumb/v7-m/nofp/libg.a(lib_a-s_frexp.o)
 .ARM.attributes
                0x00000000000006e7       0x2d /opt/homebrew/Cellar/arm-none-eabi-gcc/10.3-2021.07/gcc/bin/../lib/gcc/arm-none-eabi/10.3.1/../../../../arm-none-eabi/lib/thumb/v7-m/nofp/libg.a(lib_a-sbrkr.o)
 .ARM.attributes
                0x0000000000000714       0x2d /opt/homebrew/Cellar/arm-none-eabi-gcc/10.3-2021.07/gcc/bin/../lib/gcc/arm-none-eabi/10.3.1/../../../../arm-none-eabi/lib/thumb/v7-m/nofp/libg.a(lib_a-stdio.o)
 .ARM.attributes
                0x0000000000000741       0x2d /opt/homebrew/Cellar/arm-none-eabi-gcc/10.3-2021.07/gcc/bin/../lib/gcc/arm-none-eabi/10.3.1/../../../../arm-none-eabi/lib/thumb/v7-m/nofp/libg.a(lib_a-strlen-stub.o)
 .ARM.attributes
                0x000000000000076e       0x2d /opt/homebrew/Cellar/arm-none-eabi-gcc/10.3-2021.07/gcc/bin/../lib/gcc/arm-none-eabi/10.3.1/../../../../arm-none-eabi/lib/thumb/v7-m/nofp/libg.a(lib_a-strncpy.o)
 .ARM.attributes
                0x000000000000079b       0x2d /opt/homebrew/Cellar/arm-none-eabi-gcc/10.3-2021.07/gcc/bin/../lib/gcc/arm-none-eabi/10.3.1/../../../../arm-none-eabi/lib/thumb/v7-m/nofp/libg.a(lib_a-svfiprintf.o)
 .ARM.attributes
                0x00000000000007c8       0x2d /opt/homebrew/Cellar/arm-none-eabi-gcc/10.3-2021.07/gcc/bin/../lib/gcc/arm-none-eabi/10.3.1/../../../../arm-none-eabi/lib/thumb/v7-m/nofp/libg.a(lib_a-vfiprintf.o)
 .ARM.attributes
                0x00000000000007f5       0x2d /opt/homebrew/Cellar/arm-none-eabi-gcc/10.3-2021.07/gcc/bin/../lib/gcc/arm-none-eabi/10.3.1/../../../../arm-none-eabi/lib/thumb/v7-m/nofp/libg.a(lib_a-writer.o)
 .ARM.attributes
                0x0000000000000822       0x2d /opt/homebrew/Cellar/arm-none-eabi-gcc/10.3-2021.07/gcc/bin/../lib/gcc/arm-none-eabi/10.3.1/../../../../arm-none-eabi/lib/thumb/v7-m/nofp/libg.a(lib_a-__atexit.o)
 .ARM.attributes
                0x000000000000084f       0x2d /opt/homebrew/Cellar/arm-none-eabi-gcc/10.3-2021.07/gcc/bin/../lib/gcc/arm-none-eabi/10.3.1/../../../../arm-none-eabi/lib/thumb/v7-m/nofp/libg.a(lib_a-assert.o)
 .ARM.attributes
                0x000000000000087c       0x2d /opt/homebrew/Cellar/arm-none-eabi-gcc/10.3-2021.07/gcc/bin/../lib/gcc/arm-none-eabi/10.3.1/../../../../arm-none-eabi/lib/thumb/v7-m/nofp/libg.a(lib_a-callocr.o)
 .ARM.attributes
                0x00000000000008a9       0x2d /opt/homebrew/Cellar/arm-none-eabi-gcc/10.3-2021.07/gcc/bin/../lib/gcc/arm-none-eabi/10.3.1/../../../../arm-none-eabi/lib/thumb/v7-m/nofp/libg.a(lib_a-closer.o)
 .ARM.attributes
                0x00000000000008d6       0x2d /opt/homebrew/Cellar/arm-none-eabi-gcc/10.3-2021.07/gcc/bin/../lib/gcc/arm-none-eabi/10.3.1/../../../../arm-none-eabi/lib/thumb/v7-m/nofp/libg.a(lib_a-errno.o)
 .ARM.attributes
                0x0000000000000903       0x2d /opt/homebrew/Cellar/arm-none-eabi-gcc/10.3-2021.07/gcc/bin/../lib/gcc/arm-none-eabi/10.3.1/../../../../arm-none-eabi/lib/thumb/v7-m/nofp/libg.a(lib_a-fclose.o)
 .ARM.attributes
                0x0000000000000930       0x2d /opt/homebrew/Cellar/arm-none-eabi-gcc/10.3-2021.07/gcc/bin/../lib/gcc/arm-none-eabi/10.3.1/../../../../arm-none-eabi/lib/thumb/v7-m/nofp/libg.a(lib_a-fiprintf.o)
 .ARM.attributes
                0x000000000000095d       0x2d /opt/homebrew/Cellar/arm-none-eabi-gcc/10.3-2021.07/gcc/bin/../lib/gcc/arm-none-eabi/10.3.1/../../../../arm-none-eabi/lib/thumb/v7-m/nofp/libg.a(lib_a-fputwc.o)
 .ARM.attributes
                0x000000000000098a       0x2d /opt/homebrew/Cellar/arm-none-eabi-gcc/10.3-2021.07/gcc/bin/../lib/gcc/arm-none-eabi/10.3.1/../../../../arm-none-eabi/lib/thumb/v7-m/nofp/libg.a(lib_a-fstatr.o)
 .ARM.attributes
                0x00000000000009b7       0x2d /opt/homebrew/Cellar/arm-none-eabi-gcc/10.3-2021.07/gcc/bin/../lib/gcc/arm-none-eabi/10.3.1/../../../../arm-none-eabi/lib/thumb/v7-m/nofp/libg.a(lib_a-fvwrite.o)
 .ARM.attributes
                0x00000000000009e4       0x2d /opt/homebrew/Cellar/arm-none-eabi-gcc/10.3-2021.07/gcc/bin/../lib/gcc/arm-none-eabi/10.3.1/../../../../arm-none-eabi/lib/thumb/v7-m/nofp/libg.a(lib_a-isattyr.o)
 .ARM.attributes
                0x0000000000000a11       0x2d /opt/homebrew/Cellar/arm-none-eabi-gcc/10.3-2021.07/gcc/bin/../lib/gcc/arm-none-eabi/10.3.1/../../../../arm-none-eabi/lib/thumb/v7-m/nofp/libg.a(lib_a-locale.o)
 .ARM.attributes
                0x0000000000000a3e       0x2d /opt/homebrew/Cellar/arm-none-eabi-gcc/10.3-2021.07/gcc/bin/../lib/gcc/arm-none-eabi/10.3.1/../../../../arm-none-eabi/lib/thumb/v7-m/nofp/libg.a(lib_a-lseekr.o)
 .ARM.attributes
                0x0000000000000a6b       0x2d /opt/homebrew/Cellar/arm-none-eabi-gcc/10.3-2021.07/gcc/bin/../lib/gcc/arm-none-eabi/10.3.1/../../../../arm-none-eabi/lib/thumb/v7-m/nofp/libg.a(lib_a-mbtowc_r.o)
 .ARM.attributes
                0x0000000000000a98       0x2d /opt/homebrew/Cellar/arm-none-eabi-gcc/10.3-2021.07/gcc/bin/../lib/gcc/arm-none-eabi/10.3.1/../../../../arm-none-eabi/lib/thumb/v7-m/nofp/libg.a(lib_a-memmove.o)
 .ARM.attributes
                0x0000000000000ac5       0x2d /opt/homebrew/Cellar/arm-none-eabi-gcc/10.3-2021.07/gcc/bin/../lib/gcc/arm-none-eabi/10.3.1/../../../../arm-none-eabi/lib/thumb/v7-m/nofp/libg.a(lib_a-readr.o)
 .ARM.attributes
                0x0000000000000af2       0x2d /opt/homebrew/Cellar/arm-none-eabi-gcc/10.3-2021.07/gcc/bin/../lib/gcc/arm-none-eabi/10.3.1/../../../../arm-none-eabi/lib/thumb/v7-m/nofp/libg.a(lib_a-reallocr.o)
 .ARM.attributes
                0x0000000000000b1f       0x2d /opt/homebrew/Cellar/arm-none-eabi-gcc/10.3-2021.07/gcc/bin/../lib/gcc/arm-none-eabi/10.3.1/../../../../arm-none-eabi/lib/thumb/v7-m/nofp/libg.a(lib_a-reent.o)
 .ARM.attributes
                0x0000000000000b4c       0x2d /opt/homebrew/Cellar/arm-none-eabi-gcc/10.3-2021.07/gcc/bin/../lib/gcc/arm-none-eabi/10.3.1/../../../../arm-none-eabi/lib/thumb/v7-m/nofp/libg.a(lib_a-wbuf.o)
 .ARM.attributes
                0x0000000000000b79       0x2d /opt/homebrew/Cellar/arm-none-eabi-gcc/10.3-2021.07/gcc/bin/../lib/gcc/arm-none-eabi/10.3.1/../../../../arm-none-eabi/lib/thumb/v7-m/nofp/libg.a(lib_a-wcrtomb.o)
 .ARM.attributes
                0x0000000000000ba6       0x2d /opt/homebrew/Cellar/arm-none-eabi-gcc/10.3-2021.07/gcc/bin/../lib/gcc/arm-none-eabi/10.3.1/../../../../arm-none-eabi/lib/thumb/v7-m/nofp/libg.a(lib_a-wctomb_r.o)
 .ARM.attributes
                0x0000000000000bd3       0x2d /opt/homebrew/Cellar/arm-none-eabi-gcc/10.3-2021.07/gcc/bin/../lib/gcc/arm-none-eabi/10.3.1/../../../../arm-none-eabi/lib/thumb/v7-m/nofp/libg.a(lib_a-abort.o)
 .ARM.attributes
                0x0000000000000c00       0x2d /opt/homebrew/Cellar/arm-none-eabi-gcc/10.3-2021.07/gcc/bin/../lib/gcc/arm-none-eabi/10.3.1/../../../../arm-none-eabi/lib/thumb/v7-m/nofp/libg.a(lib_a-ctype_.o)
 .ARM.attributes
                0x0000000000000c2d       0x2d /opt/homebrew/Cellar/arm-none-eabi-gcc/10.3-2021.07/gcc/bin/../lib/gcc/arm-none-eabi/10.3.1/../../../../arm-none-eabi/lib/thumb/v7-m/nofp/libg.a(lib_a-signal.o)
 .ARM.attributes
                0x0000000000000c5a       0x2d /opt/homebrew/Cellar/arm-none-eabi-gcc/10.3-2021.07/gcc/bin/../lib/gcc/arm-none-eabi/10.3.1/../../../../arm-none-eabi/lib/thumb/v7-m/nofp/libg.a(lib_a-signalr.o)
 .ARM.attributes
                0x0000000000000c87       0x1d /opt/homebrew/Cellar/arm-none-eabi-gcc/10.3-2021.07/gcc/bin/../lib/gcc/arm-none-eabi/10.3.1/thumb/v7-m/nofp/libgcc.a(_arm_muldivdf3.o)
 .ARM.attributes
                0x0000000000000ca4       0x1d /opt/homebrew/Cellar/arm-none-eabi-gcc/10.3-2021.07/gcc/bin/../lib/gcc/arm-none-eabi/10.3.1/thumb/v7-m/nofp/libgcc.a(_arm_cmpdf2.o)
 .ARM.attributes
                0x0000000000000cc1       0x1d /opt/homebrew/Cellar/arm-none-eabi-gcc/10.3-2021.07/gcc/bin/../lib/gcc/arm-none-eabi/10.3.1/thumb/v7-m/nofp/libgcc.a(_arm_unorddf2.o)
 .ARM.attributes
                0x0000000000000cde       0x1d /opt/homebrew/Cellar/arm-none-eabi-gcc/10.3-2021.07/gcc/bin/../lib/gcc/arm-none-eabi/10.3.1/thumb/v7-m/nofp/libgcc.a(_arm_fixdfsi.o)
 .ARM.attributes
                0x0000000000000cfb       0x1d /opt/homebrew/Cellar/arm-none-eabi-gcc/10.3-2021.07/gcc/bin/../lib/gcc/arm-none-eabi/10.3.1/thumb/v7-m/nofp/libgcc.a(_aeabi_uldivmod.o)
 .ARM.attributes
                0x0000000000000d18       0x2d /opt/homebrew/Cellar/arm-none-eabi-gcc/10.3-2021.07/gcc/bin/../lib/gcc/arm-none-eabi/10.3.1/thumb/v7-m/nofp/libgcc.a(_udivmoddi4.o)
 .ARM.attributes
                0x0000000000000d45       0x1d /opt/homebrew/Cellar/arm-none-eabi-gcc/10.3-2021.07/gcc/bin/../lib/gcc/arm-none-eabi/10.3.1/thumb/v7-m/nofp/libgcc.a(_dvmd_tls.o)
 .ARM.attributes
                0x0000000000000d62       0x1d /opt/homebrew/Cellar/arm-none-eabi-gcc/10.3-2021.07/gcc/bin/../lib/gcc/arm-none-eabi/10.3.1/thumb/v7-m/nofp/crtn.o
OUTPUT(Template.elf elf32-littlearm)
LOAD linker stubs
LOAD /opt/homebrew/Cellar/arm-none-eabi-gcc/10.3-2021.07/gcc/bin/../lib/gcc/arm-none-eabi/10.3.1/../../../../arm-none-eabi/lib/thumb/v7-m/nofp/libc.a
LOAD /opt/homebrew/Cellar/arm-none-eabi-gcc/10.3-2021.07/gcc/bin/../lib/gcc/arm-none-eabi/10.3.1/../../../../arm-none-eabi/lib/thumb/v7-m/nofp/libm.a
LOAD /opt/homebrew/Cellar/arm-none-eabi-gcc/10.3-2021.07/gcc/bin/../lib/gcc/arm-none-eabi/10.3.1/thumb/v7-m/nofp/libgcc.a

.debug_info     0x0000000000000000     0xc2da
 .debug_info    0x0000000000000000      0x46a CMakeFiles/Template.elf.dir/Core/Src/main.c.obj
 .debug_info    0x000000000000046a      0x10e CMakeFiles/Template.elf.dir/Core/Src/stm32f10x_it.c.obj
 .debug_info    0x0000000000000578      0x49c CMakeFiles/Template.elf.dir/Core/Src/system_stm32f10x.c.obj
 .debug_info    0x0000000000000a14     0x7e89 CMakeFiles/Template.elf.dir/HARDWARE/Src/lcd.c.obj
 .debug_info    0x000000000000889d      0x2bb CMakeFiles/Template.elf.dir/HARDWARE/Src/led.c.obj
 .debug_info    0x0000000000008b58      0x52c CMakeFiles/Template.elf.dir/STM32F10x_FWLib/Src/misc.c.obj
 .debug_info    0x0000000000009084      0x91e CMakeFiles/Template.elf.dir/STM32F10x_FWLib/Src/stm32f10x_gpio.c.obj
 .debug_info    0x00000000000099a2      0x97f CMakeFiles/Template.elf.dir/STM32F10x_FWLib/Src/stm32f10x_rcc.c.obj
 .debug_info    0x000000000000a321      0xc08 CMakeFiles/Template.elf.dir/STM32F10x_FWLib/Src/stm32f10x_usart.c.obj
 .debug_info    0x000000000000af29      0x215 CMakeFiles/Template.elf.dir/SYSTEM/Src/delay.c.obj
 .debug_info    0x000000000000b13e     0x117a CMakeFiles/Template.elf.dir/SYSTEM/Src/usart.c.obj
 .debug_info    0x000000000000c2b8       0x22 CMakeFiles/Template.elf.dir/startup/startup_stm32f103rctx.s.obj

.debug_abbrev   0x0000000000000000     0x131a
 .debug_abbrev  0x0000000000000000      0x123 CMakeFiles/Template.elf.dir/Core/Src/main.c.obj
 .debug_abbrev  0x0000000000000123       0x44 CMakeFiles/Template.elf.dir/Core/Src/stm32f10x_it.c.obj
 .debug_abbrev  0x0000000000000167      0x1b8 CMakeFiles/Template.elf.dir/Core/Src/system_stm32f10x.c.obj
 .debug_abbrev  0x000000000000031f      0x2db CMakeFiles/Template.elf.dir/HARDWARE/Src/lcd.c.obj
 .debug_abbrev  0x00000000000005fa      0x133 CMakeFiles/Template.elf.dir/HARDWARE/Src/led.c.obj
 .debug_abbrev  0x000000000000072d      0x198 CMakeFiles/Template.elf.dir/STM32F10x_FWLib/Src/misc.c.obj
 .debug_abbrev  0x00000000000008c5      0x220 CMakeFiles/Template.elf.dir/STM32F10x_FWLib/Src/stm32f10x_gpio.c.obj
 .debug_abbrev  0x0000000000000ae5      0x204 CMakeFiles/Template.elf.dir/STM32F10x_FWLib/Src/stm32f10x_rcc.c.obj
 .debug_abbrev  0x0000000000000ce9      0x1dc CMakeFiles/Template.elf.dir/STM32F10x_FWLib/Src/stm32f10x_usart.c.obj
 .debug_abbrev  0x0000000000000ec5      0x128 CMakeFiles/Template.elf.dir/SYSTEM/Src/delay.c.obj
 .debug_abbrev  0x0000000000000fed      0x31b CMakeFiles/Template.elf.dir/SYSTEM/Src/usart.c.obj
 .debug_abbrev  0x0000000000001308       0x12 CMakeFiles/Template.elf.dir/startup/startup_stm32f103rctx.s.obj

.debug_loc      0x0000000000000000     0x2de7
 .debug_loc     0x0000000000000000       0x30 CMakeFiles/Template.elf.dir/Core/Src/main.c.obj
 .debug_loc     0x0000000000000030       0xff CMakeFiles/Template.elf.dir/Core/Src/system_stm32f10x.c.obj
 .debug_loc     0x000000000000012f     0x1507 CMakeFiles/Template.elf.dir/HARDWARE/Src/lcd.c.obj
 .debug_loc     0x0000000000001636      0x16b CMakeFiles/Template.elf.dir/STM32F10x_FWLib/Src/misc.c.obj
 .debug_loc     0x00000000000017a1      0x62c CMakeFiles/Template.elf.dir/STM32F10x_FWLib/Src/stm32f10x_gpio.c.obj
 .debug_loc     0x0000000000001dcd      0x654 CMakeFiles/Template.elf.dir/STM32F10x_FWLib/Src/stm32f10x_rcc.c.obj
 .debug_loc     0x0000000000002421      0x80c CMakeFiles/Template.elf.dir/STM32F10x_FWLib/Src/stm32f10x_usart.c.obj
 .debug_loc     0x0000000000002c2d       0x74 CMakeFiles/Template.elf.dir/SYSTEM/Src/delay.c.obj
 .debug_loc     0x0000000000002ca1      0x146 CMakeFiles/Template.elf.dir/SYSTEM/Src/usart.c.obj

.debug_aranges  0x0000000000000000      0x580
 .debug_aranges
                0x0000000000000000       0x20 CMakeFiles/Template.elf.dir/Core/Src/main.c.obj
 .debug_aranges
                0x0000000000000020       0x60 CMakeFiles/Template.elf.dir/Core/Src/stm32f10x_it.c.obj
 .debug_aranges
                0x0000000000000080       0x38 CMakeFiles/Template.elf.dir/Core/Src/system_stm32f10x.c.obj
 .debug_aranges
                0x00000000000000b8      0x110 CMakeFiles/Template.elf.dir/HARDWARE/Src/lcd.c.obj
 .debug_aranges
                0x00000000000001c8       0x20 CMakeFiles/Template.elf.dir/HARDWARE/Src/led.c.obj
 .debug_aranges
                0x00000000000001e8       0x40 CMakeFiles/Template.elf.dir/STM32F10x_FWLib/Src/misc.c.obj
 .debug_aranges
                0x0000000000000228       0xa8 CMakeFiles/Template.elf.dir/STM32F10x_FWLib/Src/stm32f10x_gpio.c.obj
 .debug_aranges
                0x00000000000002d0      0x118 CMakeFiles/Template.elf.dir/STM32F10x_FWLib/Src/stm32f10x_rcc.c.obj
 .debug_aranges
                0x00000000000003e8      0x100 CMakeFiles/Template.elf.dir/STM32F10x_FWLib/Src/stm32f10x_usart.c.obj
 .debug_aranges
                0x00000000000004e8       0x30 CMakeFiles/Template.elf.dir/SYSTEM/Src/delay.c.obj
 .debug_aranges
                0x0000000000000518       0x40 CMakeFiles/Template.elf.dir/SYSTEM/Src/usart.c.obj
 .debug_aranges
                0x0000000000000558       0x28 CMakeFiles/Template.elf.dir/startup/startup_stm32f103rctx.s.obj

.debug_ranges   0x0000000000000000      0x4c8
 .debug_ranges  0x0000000000000000       0x10 CMakeFiles/Template.elf.dir/Core/Src/main.c.obj
 .debug_ranges  0x0000000000000010       0x50 CMakeFiles/Template.elf.dir/Core/Src/stm32f10x_it.c.obj
 .debug_ranges  0x0000000000000060       0x28 CMakeFiles/Template.elf.dir/Core/Src/system_stm32f10x.c.obj
 .debug_ranges  0x0000000000000088      0x100 CMakeFiles/Template.elf.dir/HARDWARE/Src/lcd.c.obj
 .debug_ranges  0x0000000000000188       0x10 CMakeFiles/Template.elf.dir/HARDWARE/Src/led.c.obj
 .debug_ranges  0x0000000000000198       0x30 CMakeFiles/Template.elf.dir/STM32F10x_FWLib/Src/misc.c.obj
 .debug_ranges  0x00000000000001c8       0x98 CMakeFiles/Template.elf.dir/STM32F10x_FWLib/Src/stm32f10x_gpio.c.obj
 .debug_ranges  0x0000000000000260      0x108 CMakeFiles/Template.elf.dir/STM32F10x_FWLib/Src/stm32f10x_rcc.c.obj
 .debug_ranges  0x0000000000000368       0xf0 CMakeFiles/Template.elf.dir/STM32F10x_FWLib/Src/stm32f10x_usart.c.obj
 .debug_ranges  0x0000000000000458       0x20 CMakeFiles/Template.elf.dir/SYSTEM/Src/delay.c.obj
 .debug_ranges  0x0000000000000478       0x30 CMakeFiles/Template.elf.dir/SYSTEM/Src/usart.c.obj
 .debug_ranges  0x00000000000004a8       0x20 CMakeFiles/Template.elf.dir/startup/startup_stm32f103rctx.s.obj

.debug_line     0x0000000000000000     0x4cb8
 .debug_line    0x0000000000000000      0x327 CMakeFiles/Template.elf.dir/Core/Src/main.c.obj
 .debug_line    0x0000000000000327      0x14b CMakeFiles/Template.elf.dir/Core/Src/stm32f10x_it.c.obj
 .debug_line    0x0000000000000472      0x3fd CMakeFiles/Template.elf.dir/Core/Src/system_stm32f10x.c.obj
 .debug_line    0x000000000000086f     0x1dfb CMakeFiles/Template.elf.dir/HARDWARE/Src/lcd.c.obj
 .debug_line    0x000000000000266a      0x1fb CMakeFiles/Template.elf.dir/HARDWARE/Src/led.c.obj
 .debug_line    0x0000000000002865      0x2f2 CMakeFiles/Template.elf.dir/STM32F10x_FWLib/Src/misc.c.obj
 .debug_line    0x0000000000002b57      0x710 CMakeFiles/Template.elf.dir/STM32F10x_FWLib/Src/stm32f10x_gpio.c.obj
 .debug_line    0x0000000000003267      0x8be CMakeFiles/Template.elf.dir/STM32F10x_FWLib/Src/stm32f10x_rcc.c.obj
 .debug_line    0x0000000000003b25      0x8e7 CMakeFiles/Template.elf.dir/STM32F10x_FWLib/Src/stm32f10x_usart.c.obj
 .debug_line    0x000000000000440c      0x2c7 CMakeFiles/Template.elf.dir/SYSTEM/Src/delay.c.obj
 .debug_line    0x00000000000046d3      0x541 CMakeFiles/Template.elf.dir/SYSTEM/Src/usart.c.obj
 .debug_line    0x0000000000004c14       0xa4 CMakeFiles/Template.elf.dir/startup/startup_stm32f103rctx.s.obj

.debug_str      0x0000000000000000     0x1e14
 .debug_str     0x0000000000000000      0x23d CMakeFiles/Template.elf.dir/Core/Src/main.c.obj
                                        0x29d (size before relaxing)
 .debug_str     0x000000000000023d       0xcd CMakeFiles/Template.elf.dir/Core/Src/stm32f10x_it.c.obj
                                        0x24c (size before relaxing)
 .debug_str     0x000000000000030a      0x16a CMakeFiles/Template.elf.dir/Core/Src/system_stm32f10x.c.obj
                                        0x33c (size before relaxing)
 .debug_str     0x0000000000000474      0x441 CMakeFiles/Template.elf.dir/HARDWARE/Src/lcd.c.obj
                                        0x694 (size before relaxing)
 .debug_str     0x00000000000008b5       0x38 CMakeFiles/Template.elf.dir/HARDWARE/Src/led.c.obj
                                        0x355 (size before relaxing)
 .debug_str     0x00000000000008ed      0x21d CMakeFiles/Template.elf.dir/STM32F10x_FWLib/Src/misc.c.obj
                                        0x41f (size before relaxing)
 .debug_str     0x0000000000000b0a      0x264 CMakeFiles/Template.elf.dir/STM32F10x_FWLib/Src/stm32f10x_gpio.c.obj
                                        0x597 (size before relaxing)
 .debug_str     0x0000000000000d6e      0x3c2 CMakeFiles/Template.elf.dir/STM32F10x_FWLib/Src/stm32f10x_rcc.c.obj
                                        0x681 (size before relaxing)
 .debug_str     0x0000000000001130      0x44b CMakeFiles/Template.elf.dir/STM32F10x_FWLib/Src/stm32f10x_usart.c.obj
                                        0x737 (size before relaxing)
 .debug_str     0x000000000000157b       0x46 CMakeFiles/Template.elf.dir/SYSTEM/Src/delay.c.obj
                                        0x266 (size before relaxing)
 .debug_str     0x00000000000015c1      0x800 CMakeFiles/Template.elf.dir/SYSTEM/Src/usart.c.obj
                                        0xd28 (size before relaxing)
 .debug_str     0x0000000000001dc1       0x53 CMakeFiles/Template.elf.dir/startup/startup_stm32f103rctx.s.obj
                                         0x8a (size before relaxing)

.comment        0x0000000000000000       0x49
 .comment       0x0000000000000000       0x49 CMakeFiles/Template.elf.dir/Core/Src/main.c.obj
                                         0x4a (size before relaxing)
 .comment       0x0000000000000049       0x4a CMakeFiles/Template.elf.dir/Core/Src/stm32f10x_it.c.obj
 .comment       0x0000000000000049       0x4a CMakeFiles/Template.elf.dir/Core/Src/system_stm32f10x.c.obj
 .comment       0x0000000000000049       0x4a CMakeFiles/Template.elf.dir/HARDWARE/Src/lcd.c.obj
 .comment       0x0000000000000049       0x4a CMakeFiles/Template.elf.dir/HARDWARE/Src/led.c.obj
 .comment       0x0000000000000049       0x4a CMakeFiles/Template.elf.dir/STM32F10x_FWLib/Src/misc.c.obj
 .comment       0x0000000000000049       0x4a CMakeFiles/Template.elf.dir/STM32F10x_FWLib/Src/stm32f10x_gpio.c.obj
 .comment       0x0000000000000049       0x4a CMakeFiles/Template.elf.dir/STM32F10x_FWLib/Src/stm32f10x_rcc.c.obj
 .comment       0x0000000000000049       0x4a CMakeFiles/Template.elf.dir/STM32F10x_FWLib/Src/stm32f10x_usart.c.obj
 .comment       0x0000000000000049       0x4a CMakeFiles/Template.elf.dir/SYSTEM/Src/delay.c.obj
 .comment       0x0000000000000049       0x4a CMakeFiles/Template.elf.dir/SYSTEM/Src/usart.c.obj

.debug_frame    0x0000000000000000     0x22f0
 .debug_frame   0x0000000000000000       0x2c CMakeFiles/Template.elf.dir/Core/Src/main.c.obj
 .debug_frame   0x000000000000002c       0xa0 CMakeFiles/Template.elf.dir/Core/Src/stm32f10x_it.c.obj
 .debug_frame   0x00000000000000cc       0x6c CMakeFiles/Template.elf.dir/Core/Src/system_stm32f10x.c.obj
 .debug_frame   0x0000000000000138      0x3d8 CMakeFiles/Template.elf.dir/HARDWARE/Src/lcd.c.obj
 .debug_frame   0x0000000000000510       0x30 CMakeFiles/Template.elf.dir/HARDWARE/Src/led.c.obj
 .debug_frame   0x0000000000000540       0x60 CMakeFiles/Template.elf.dir/STM32F10x_FWLib/Src/misc.c.obj
 .debug_frame   0x00000000000005a0      0x160 CMakeFiles/Template.elf.dir/STM32F10x_FWLib/Src/stm32f10x_gpio.c.obj
 .debug_frame   0x0000000000000700      0x228 CMakeFiles/Template.elf.dir/STM32F10x_FWLib/Src/stm32f10x_rcc.c.obj
 .debug_frame   0x0000000000000928      0x204 CMakeFiles/Template.elf.dir/STM32F10x_FWLib/Src/stm32f10x_usart.c.obj
 .debug_frame   0x0000000000000b2c       0x48 CMakeFiles/Template.elf.dir/SYSTEM/Src/delay.c.obj
 .debug_frame   0x0000000000000b74       0x8c CMakeFiles/Template.elf.dir/SYSTEM/Src/usart.c.obj
 .debug_frame   0x0000000000000c00       0xac /opt/homebrew/Cellar/arm-none-eabi-gcc/10.3-2021.07/gcc/bin/../lib/gcc/arm-none-eabi/10.3.1/thumb/v7-m/nofp/libgcc.a(_arm_addsubdf3.o)
 .debug_frame   0x0000000000000cac       0x24 /opt/homebrew/Cellar/arm-none-eabi-gcc/10.3-2021.07/gcc/bin/../lib/gcc/arm-none-eabi/10.3.1/thumb/v7-m/nofp/libgcc.a(_arm_fixunsdfsi.o)
 .debug_frame   0x0000000000000cd0       0x2c /opt/homebrew/Cellar/arm-none-eabi-gcc/10.3-2021.07/gcc/bin/../lib/gcc/arm-none-eabi/10.3.1/../../../../arm-none-eabi/lib/thumb/v7-m/nofp/libg.a(lib_a-init.o)
 .debug_frame   0x0000000000000cfc       0x2c /opt/homebrew/Cellar/arm-none-eabi-gcc/10.3-2021.07/gcc/bin/../lib/gcc/arm-none-eabi/10.3.1/../../../../arm-none-eabi/lib/thumb/v7-m/nofp/libg.a(lib_a-memset.o)